Outcome verification passed: 200 candidate cases.
Exact-budget/budget-minus-one verification passed: 200 successful cases across 16 opcode families.
Stable measurement: 204 cases x 3 rounds
round 1 case 1/204 gsr-tapscript-v2/OP_DIV/OP_2DUP+OP_DIV+OP_DROP/divmod-scale-tail/64KBx16KB/asymmetric-quarter-top-clear/No error: 0.777 s
round 1 case 2/204 gsr-tapscript-v2/OP_BYTEREV/OP_BYTEREV/byterev-in-place/33B/alternating/No error: 1.013 s
round 1 case 3/204 gsr-tapscript-v2/OP_MOD/OP_2DUP+OP_MOD+OP_DROP/divmod-preserve/32Bx24B/knuth-d6-add-back/No error: 0.857 s
round 1 case 4/204 gsr-tapscript-v2/OP_SUBSTR/OP_3DUP+OP_SUBSTR+OP_DROP/substr-preserve/3998900B:zero-one/minimal-lengths/No error: 0.574 s
round 1 case 5/204 gsr-tapscript-v2/OP_1SUB/OP_3DUP+OP_1SUB+OP_DROP+OP_1SUB+OP_DROP+OP_1SUB+OP_DROP/unary-crossover-3way/1769B/padded-low/No error: 0.331 s
round 1 case 6/204 gsr-tapscript-v2/OP_2DIV/OP_3DUP+OP_2DIV+OP_DROP+OP_2DIV+OP_DROP+OP_2DIV+OP_DROP/unary-preserve-3way/17B/padded-low/No error: 1.248 s
round 1 case 7/204 gsr-tapscript-v2/OP_RSHIFT/OP_2DUP+OP_RSHIFT+OP_DROP/shift-preserve/330568B:8bits/byte-aligned/No error: 0.115 s
round 1 case 8/204 gsr-tapscript-v2/OP_DIV/OP_2DUP+OP_DIV+OP_DROP/divmod-preserve/1000000Bx1000000B/largest-normalized/No error: 0.497 s
round 1 case 9/204 gsr-tapscript-v2/OP_MIN/OP_2DUP+OP_MIN+OP_DROP/binary-preserve/1950000Bx1950000B/equal-dense-funded/No error: 0.570 s
round 1 case 10/204 gsr-tapscript-v2/OP_2DIV/OP_3DUP+OP_2DIV+OP_DROP+OP_2DIV+OP_DROP+OP_2DIV+OP_DROP/unary-crossover-3way/1769B/padded-low/No error: 0.354 s
round 1 case 11/204 gsr-tapscript-v2/OP_MOD/OP_2DUP+OP_MOD+OP_DROP/divmod-preserve/113Bx57B/small-normalization-boundary/No error: 0.881 s
round 1 case 12/204 gsr-tapscript-v2/OP_MOD/OP_2DUP+OP_MOD+OP_DROP/divmod-preserve/129Bx121B/small-normalization-boundary/No error: 0.790 s
round 1 case 13/204 gsr-tapscript-v2/OP_DIV/OP_2DUP+OP_DIV+OP_DROP/divmod-preserve/129Bx121B/small-normalization-boundary/No error: 0.846 s
round 1 case 14/204 gsr-tapscript-v2/OP_DIV/OP_2DUP+OP_DIV+OP_DROP/divmod-crossover/241Bx60B/asymmetric-quarter-top-clear/No error: 0.857 s
round 1 case 15/204 gsr-tapscript-v2/OP_RIGHT/OP_2DUP+OP_RIGHT+OP_DROP/splice-preserve/3950000B:past-end/padded-offset/No error: 0.295 s
round 1 case 16/204 gsr-tapscript-v2/OP_RIGHT/OP_2DUP+OP_RIGHT+OP_DROP/splice-preserve/3950000B:quarter/minimal-offset/No error: 0.474 s
round 1 case 17/204 gsr-tapscript-v2/OP_BYTEREV/OP_BYTEREV/byterev-in-place/15B/alternating/No error: 1.484 s
round 1 case 18/204 gsr-tapscript-v2/OP_MOD/OP_2DUP+OP_MOD+OP_DROP/divmod-preserve/8Bx16B/dividend-smaller/No error: 0.807 s
round 1 case 19/204 gsr-tapscript-v2/OP_MOD/6000xOP_2DUP+6000x(OP_MOD+OP_DROP)/divmod-batched-pool/520Bx512B/6000-pairs/wide-normalization-top-clear-seed17/No error: 0.849 s
round 1 case 20/204 gsr-tapscript-v2/OP_DIV/OP_2DUP+OP_DIV+OP_DROP/divmod-preserve/1Bx1B/normalization-short/No error: 0.905 s
round 1 case 21/204 gsr-tapscript-v2/OP_MOD/OP_2DUP+OP_MOD+OP_DROP/divmod-crossover/288Bx24B/asymmetric-1/16-add-back/No error: 0.590 s
round 1 case 22/204 gsr-tapscript-v2/OP_DIV/OP_2DUP+OP_DIV+OP_DROP/divmod-preserve/16KBx4KB/dividend-half-zero-padded/No error: 0.774 s
round 1 case 23/204 gsr-tapscript-v2/OP_DIV/OP_2DUP+OP_DIV+OP_DROP/divmod-preserve/520Bx512B/wide-normalization-top-one-seed127/No error: 0.725 s
round 1 case 24/204 gsr-tapscript-v2/OP_RIGHT/OP_2DUP+OP_RIGHT+OP_DROP/splice-preserve/3950000B:below-mid/minimal-offset/No error: 0.709 s
round 1 case 25/204 gsr-tapscript-v2/OP_OR/OP_2DUP+OP_OR+OP_DROP/binary-preserve/2000000Bx2000000B/equal-dense/No error: 0.427 s
round 1 case 26/204 gsr-tapscript-v2/OP_MOD/OP_2DUP+OP_MOD+OP_DROP/divmod-preserve/17Bx9B/normalization-top-clear/No error: 0.938 s
round 1 case 27/204 gsr-tapscript-v2/OP_MOD/OP_2DUP+OP_MOD+OP_DROP/divmod-scale-tail/64KBx16KB/asymmetric-quarter-add-back/No error: 1.354 s
round 1 case 28/204 gsr-tapscript-v2/OP_DIV/OP_2DUP+OP_DIV+OP_DROP/divmod-crossover/289Bx18B/asymmetric-sixteenth-dense/No error: 0.571 s
round 1 case 29/204 gsr-tapscript-v2/OP_DIV/OP_2DUP+OP_DIV+OP_DROP/divmod-preserve/8Bx16B/dividend-smaller/No error: 0.830 s
round 1 case 30/204 gsr-tapscript-v2/OP_DIV/256xOP_2DUP+256x(OP_DIV+OP_DROP)/divmod-batched-pool/520Bx512B/256-pairs/wide-normalization-top-clear-seed17/No error: 0.741 s
round 1 case 31/204 gsr-tapscript-v2/OP_RSHIFT/OP_2DUP+OP_RSHIFT+OP_DROP/shift-crossover/2208B:8bits/byte-aligned/No error: 0.209 s
round 1 case 32/204 gsr-tapscript-v2/OP_SUBSTR/OP_3DUP+OP_SUBSTR+OP_DROP/substr-preserve/3998900B:mid-past-end/padded-lengths/No error: 0.964 s
round 1 case 33/204 gsr-tapscript-v2/OP_DIV/OP_2DUP+OP_DIV+OP_DROP/divmod-crossover/296Bx24B/asymmetric-1/16-add-back/No error: 0.568 s
round 1 case 34/204 gsr-tapscript-v2/OP_MOD/OP_2DUP+OP_MOD+OP_DROP/divmod-crossover/296Bx24B/asymmetric-1/16-add-back/No error: 0.588 s
round 1 case 35/204 gsr-tapscript-v2/OP_BYTEREV/OP_BYTEREV/byterev-in-place/520B/alternating/No error: 0.608 s
round 1 case 36/204 gsr-tapscript-v2/OP_MIN/OP_2DUP+OP_MIN+OP_DROP/binary-preserve/2000000Bx2000000B/equal-padded-low/No error: 0.617 s
round 1 case 37/204 gsr-tapscript-v2/OP_BYTEREV/OP_BYTEREV/byterev-in-place/1MB/alternating/No error: 0.371 s
round 1 case 38/204 gsr-tapscript-v2/OP_MOD/OP_2DUP+OP_MOD+OP_DROP/divmod-preserve/999999Bx999999B/largest-normalized/No error: 0.558 s
round 1 case 39/204 gsr-tapscript-v2/OP_MIN/OP_2DUP+OP_MIN+OP_DROP/binary-preserve/1950000Bx1950000B/equal-padded-low-funded/No error: 0.442 s
round 1 case 40/204 gsr-tapscript-v2/OP_AND/OP_2DUP+OP_AND+OP_DROP/binary-preserve/1Bx64KB/asymmetric-short-long/No error: 0.091 s
round 1 case 41/204 gsr-tapscript-v2/OP_DIV/OP_2DUP+OP_DIV+OP_DROP/divmod-preserve/34Bx17B/normalization-top-byte-one/No error: 0.938 s
round 1 case 42/204 gsr-tapscript-v2/OP_SUB/OP_2DUP+OP_SUB+OP_DROP/binary-preserve/64KBx1B/asymmetric-long-short/No error: 0.182 s
round 1 case 43/204 gsr-tapscript-v2/OP_MIN/OP_2DUP+OP_MIN+OP_DROP/binary-preserve/4097Bx4097B/equal-padded-low/No error: 0.357 s
round 1 case 44/204 gsr-tapscript-v2/OP_DIV/OP_2DUP+OP_DIV+OP_DROP/divmod-preserve/32Bx24B/knuth-d6-add-back/No error: 1.006 s
round 1 case 45/204 gsr-tapscript-v2/OP_DIV/OP_2DUP+OP_DIV+OP_DROP/divmod-preserve/16KBx16KB/divisor-half-zero-padded/No error: 0.775 s
round 1 case 46/204 gsr-tapscript-v2/OP_MOD/OP_2DUP+OP_MOD+OP_DROP/divmod-preserve/1000000Bx1000000B/largest-normalized/No error: 0.559 s
round 1 case 47/204 gsr-tapscript-v2/OP_OR/OP_2DUP+OP_OR+OP_DROP/binary-preserve/1Bx64KB/asymmetric-short-long/No error: 0.054 s
round 1 case 48/204 gsr-tapscript-v2/OP_OR/OP_2DUP+OP_OR+OP_DROP/binary-preserve/64KBx1B/asymmetric-long-short/No error: 0.052 s
round 1 case 49/204 gsr-tapscript-v2/OP_RIGHT/OP_2DUP+OP_RIGHT+OP_DROP/splice-preserve/3950000B:one/minimal-offset/No error: 0.438 s
round 1 case 50/204 gsr-tapscript-v2/OP_DIV/OP_2DUP+OP_DIV+OP_DROP/divmod-preserve/17Bx9B/normalization-top-clear/No error: 0.955 s
round 1 case 51/204 gsr-tapscript-v2/OP_MIN/OP_2DUP+OP_MIN+OP_DROP/binary-preserve/2000000Bx2000000B/equal-dense/No error: 0.526 s
round 1 case 52/204 gsr-tapscript-v2/OP_BYTEREV/OP_BYTEREV/byterev-in-place/4KB/alternating/No error: 0.405 s
round 1 case 53/204 gsr-tapscript-v2/OP_RSHIFT/OP_2DUP+OP_RSHIFT+OP_DROP/shift-preserve/1B:1bits/unaligned/No error: 1.087 s
round 1 case 54/204 gsr-tapscript-v2/OP_MOD/OP_2DUP+OP_MOD+OP_DROP/divmod-preserve/18Bx9B/small-normalization-boundary/No error: 0.944 s
round 1 case 55/204 gsr-tapscript-v2/OP_MIN/OP_2DUP+OP_MIN+OP_DROP/binary-preserve/1Bx64KB/asymmetric-short-long/No error: 0.078 s
round 1 case 56/204 pre-gsr-tapscript-v1/OP_MAX/OP_2DUP+OP_MAX+OP_DROP/binary-preserve/4Bx4B/padded-low/No error: 0.152 s
round 1 case 57/204 gsr-tapscript-v2/OP_MOD/OP_2DUP+OP_MOD+OP_DROP/divmod-preserve/34Bx17B/small-normalization-boundary/No error: 0.920 s
round 1 case 58/204 gsr-tapscript-v2/OP_RSHIFT/OP_2DUP+OP_RSHIFT+OP_DROP/shift-preserve/86656B:8bits/byte-aligned/No error: 0.123 s
round 1 case 59/204 gsr-tapscript-v2/OP_INVERT/OP_DUP+OP_INVERT+OP_DROP/unary-preserve-single/4000000B/late-nonzero/No error: 0.304 s
round 1 case 60/204 gsr-tapscript-v2/OP_MOD/OP_2DUP+OP_MOD+OP_DROP/divmod-preserve/65Bx57B/small-normalization-boundary/No error: 0.884 s
round 1 case 61/204 gsr-tapscript-v2/OP_DIV/OP_2DUP+OP_DIV+OP_DROP/divmod-preserve/25Bx24B/small-normalization-boundary/No error: 1.033 s
round 1 case 62/204 gsr-tapscript-v2/OP_DIV/OP_2DUP+OP_DIV+OP_DROP/divmod-crossover/337Bx1B/asymmetric-one-byte/No error: 0.728 s
round 1 case 63/204 gsr-tapscript-v2/OP_MAX/OP_2DUP+OP_MAX+OP_DROP/binary-preserve/1Bx64KB/asymmetric-short-long/No error: 0.071 s
round 1 case 64/204 gsr-tapscript-v2/OP_LEFT/OP_2DUP+OP_LEFT+OP_DROP/splice-preserve/3950000B:zero/minimal-offset/No error: 0.418 s
round 1 case 65/204 gsr-tapscript-v2/OP_RSHIFT/OP_2DUP+OP_RSHIFT+OP_DROP/shift-scale-tail/2000000B:1bit/unaligned/No error: 0.486 s
round 1 case 66/204 gsr-tapscript-v2/OP_MOD/OP_2DUP+OP_MOD+OP_DROP/divmod-crossover/248Bx56B/asymmetric-1/4-add-back/No error: 0.680 s
round 1 case 67/204 gsr-tapscript-v2/OP_MAX/OP_2DUP+OP_MAX+OP_DROP/binary-preserve/64KBx1B/asymmetric-long-short/No error: 0.072 s
round 1 case 68/204 gsr-tapscript-v2/OP_DIV/OP_2DUP+OP_DIV+OP_DROP/divmod-preserve/34Bx17B/small-normalization-boundary/No error: 0.924 s
round 1 case 69/204 gsr-tapscript-v2/OP_DIV/OP_2DUP+OP_DIV+OP_DROP/divmod-preserve/64KBx16KB/dividend-half-zero-padded/No error: 0.888 s
round 1 case 70/204 gsr-tapscript-v2/OP_MOD/OP_2DUP+OP_MOD+OP_DROP/divmod-crossover/256Bx64B/asymmetric-1/4-add-back/No error: 0.695 s
round 1 case 71/204 pre-gsr-tapscript-v1/OP_SUB/OP_2DUP+OP_SUB+OP_DROP/binary-preserve/4Bx4B/padded-low/No error: 0.152 s
round 1 case 72/204 gsr-tapscript-v2/OP_MOD/OP_2DUP+OP_MOD+OP_DROP/divmod-crossover/240Bx60B/asymmetric-quarter-dense/No error: 0.398 s
round 1 case 73/204 gsr-tapscript-v2/OP_RSHIFT/OP_2DUP+OP_RSHIFT+OP_DROP/shift-crossover/2209B:65bits/unaligned/No error: 0.358 s
round 1 case 74/204 gsr-tapscript-v2/OP_MOD/OP_2DUP+OP_MOD+OP_DROP/divmod-preserve/57Bx57B/small-normalization-boundary/No error: 0.919 s
round 1 case 75/204 gsr-tapscript-v2/OP_2DIV/OP_3DUP+OP_2DIV+OP_DROP+OP_2DIV+OP_DROP+OP_2DIV+OP_DROP/unary-preserve-3way/521B/padded-low/No error: 0.627 s
round 1 case 76/204 gsr-tapscript-v2/OP_MAX/OP_2DUP+OP_MAX+OP_DROP/binary-preserve/255Bx255B/equal-padded-low/No error: 0.826 s
round 1 case 77/204 gsr-tapscript-v2/OP_MAX/OP_2DUP+OP_MAX+OP_DROP/binary-preserve/2000000Bx2000000B/equal-dense/No error: 0.442 s
round 1 case 78/204 gsr-tapscript-v2/OP_MOD/OP_2DUP+OP_MOD+OP_DROP/divmod-preserve/520Bx512B/wide-normalization-top-one-seed17/No error: 0.735 s
round 1 case 79/204 pre-gsr-tapscript-v1/OP_MIN/OP_2DUP+OP_MIN+OP_DROP/binary-preserve/4Bx4B/padded-low/No error: 0.152 s
round 1 case 80/204 gsr-tapscript-v2/OP_MOD/OP_2DUP+OP_MOD+OP_DROP/divmod-preserve/34Bx17B/normalization-top-byte-one/No error: 1.063 s
round 1 case 81/204 gsr-tapscript-v2/OP_MOD/OP_2DUP+OP_MOD+OP_DROP/divmod-preserve/16KBx16KB/divisor-half-zero-padded/No error: 0.776 s
round 1 case 82/204 gsr-tapscript-v2/OP_LEFT/OP_2DUP+OP_LEFT+OP_DROP/splice-preserve/3950000B:mid/minimal-offset/No error: 1.010 s
round 1 case 83/204 gsr-tapscript-v2/OP_DIV/OP_2DUP+OP_DIV+OP_DROP/divmod-crossover/240Bx120B/asymmetric-1/2-add-back/No error: 0.752 s
round 1 case 84/204 gsr-tapscript-v2/OP_MOD/OP_2DUP+OP_MOD+OP_DROP/divmod-preserve/520Bx512B/wide-normalization-top-clear-seed17/No error: 0.733 s
round 1 case 85/204 gsr-tapscript-v2/OP_DIV/OP_2DUP+OP_DIV+OP_DROP/divmod-crossover/240Bx60B/asymmetric-quarter-top-clear/No error: 0.874 s
round 1 case 86/204 gsr-tapscript-v2/OP_MOD/OP_2DUP+OP_MOD+OP_DROP/divmod-crossover/240Bx60B/asymmetric-quarter-top-clear/No error: 0.922 s
round 1 case 87/204 gsr-tapscript-v2/OP_SUB/OP_2DUP+OP_SUB+OP_DROP/binary-preserve/2000000Bx2000000B/equal-dense/No error: 0.464 s
round 1 case 88/204 gsr-tapscript-v2/OP_LEFT/OP_2DUP+OP_LEFT+OP_DROP/splice-preserve/3950000B:one/minimal-offset/No error: 0.422 s
round 1 case 89/204 gsr-tapscript-v2/OP_RSHIFT/OP_2DUP+OP_RSHIFT+OP_DROP/shift-crossover/2209B:8bits/byte-aligned/No error: 0.214 s
round 1 case 90/204 gsr-tapscript-v2/OP_SUB/OP_2DUP+OP_SUB+OP_DROP/binary-preserve/4Bx4B/padded-low/No error: 1.124 s
round 1 case 91/204 gsr-tapscript-v2/OP_MIN/OP_2DUP+OP_MIN+OP_DROP/binary-preserve/255Bx255B/equal-padded-low/No error: 0.853 s
round 1 case 92/204 gsr-tapscript-v2/OP_MIN/OP_2DUP+OP_MIN+OP_DROP/binary-preserve/120Bx120B/equal-padded-low/No error: 0.982 s
round 1 case 93/204 gsr-tapscript-v2/OP_MIN/OP_2DUP+OP_MIN+OP_DROP/binary-preserve/1250Bx1250B/equal-padded-low/No error: 0.496 s
round 1 case 94/204 gsr-tapscript-v2/OP_MOD/OP_2DUP+OP_MOD+OP_DROP/divmod-crossover/288Bx18B/asymmetric-sixteenth-dense/No error: 0.574 s
round 1 case 95/204 gsr-tapscript-v2/OP_BYTEREV/OP_BYTEREV/byterev-in-place/8B/alternating/No error: 1.358 s
round 1 case 96/204 gsr-tapscript-v2/OP_DIV/4096xOP_2DUP+4096x(OP_DIV+OP_DROP)/divmod-batched-pool/520Bx512B/4096-pairs/wide-normalization-top-clear-seed17/No error: 0.828 s
round 1 case 97/204 gsr-tapscript-v2/OP_MAX/OP_2DUP+OP_MAX+OP_DROP/binary-preserve/120Bx120B/equal-padded-low/No error: 0.988 s
round 1 case 98/204 gsr-tapscript-v2/OP_AND/OP_2DUP+OP_AND+OP_DROP/binary-preserve/2000000Bx2000000B/equal-dense/No error: 0.629 s
round 1 case 99/204 gsr-tapscript-v2/OP_MAX/OP_2DUP+OP_MAX+OP_DROP/binary-preserve/1950000Bx1950000B/equal-padded-low-funded/No error: 0.442 s
round 1 case 100/204 gsr-tapscript-v2/OP_RSHIFT/OP_2DUP+OP_RSHIFT+OP_DROP/shift-preserve/135000B:8bits/byte-aligned/No error: 0.130 s
round 1 case 101/204 gsr-tapscript-v2/OP_OR/OP_2DUP+OP_OR+OP_DROP/binary-preserve/1Bx1B/equal-dense/No error: 1.076 s
round 1 case 102/204 gsr-tapscript-v2/OP_MOD/OP_2DUP+OP_MOD+OP_DROP/divmod-preserve/64KBx16KB/dividend-half-zero-padded/No error: 0.775 s
round 1 case 103/204 gsr-tapscript-v2/OP_MOD/OP_2DUP+OP_MOD+OP_DROP/divmod-crossover/288Bx18B/asymmetric-sixteenth-top-limb-one/No error: 0.828 s
round 1 case 104/204 gsr-tapscript-v2/OP_MOD/OP_2DUP+OP_MOD+OP_DROP/divmod-preserve/26Bx25B/small-normalization-boundary/No error: 0.964 s
round 1 case 105/204 gsr-tapscript-v2/OP_RSHIFT/OP_2DUP+OP_RSHIFT+OP_DROP/shift-preserve/64KB:8bits/byte-aligned/No error: 0.098 s
round 1 case 106/204 gsr-tapscript-v2/OP_2DIV/OP_DUP+OP_2DIV+OP_DROP/unary-preserve-single/4000000B/late-nonzero/No error: 0.478 s
round 1 case 107/204 gsr-tapscript-v2/OP_DIV/OP_2DUP+OP_DIV+OP_DROP/divmod-crossover/241Bx60B/asymmetric-quarter-dense/No error: 0.383 s
round 1 case 108/204 gsr-tapscript-v2/OP_DIV/6000xOP_2DUP+6000x(OP_DIV+OP_DROP)/divmod-batched-pool/520Bx512B/6000-pairs/wide-normalization-top-clear-seed17/No error: 0.846 s
round 1 case 109/204 gsr-tapscript-v2/OP_XOR/OP_2DUP+OP_XOR+OP_DROP/binary-preserve/1Bx1B/equal-dense/No error: 1.076 s
round 1 case 110/204 gsr-tapscript-v2/OP_2DIV/OP_DUP+OP_2DIV+OP_DROP/unary-preserve-single/4000000B/padded-low/No error: 0.378 s
round 1 case 111/204 pre-gsr-tapscript-v1/OP_1SUB/OP_3DUP+OP_1SUB+OP_DROP+OP_1SUB+OP_DROP+OP_1SUB+OP_DROP/unary-preserve-3way/4B/padded-low/No error: 0.104 s
round 1 case 112/204 gsr-tapscript-v2/OP_MOD/OP_2DUP+OP_MOD+OP_DROP/divmod-preserve/1000001Bx1000001B/largest-normalized/No error: 0.514 s
round 1 case 113/204 gsr-tapscript-v2/OP_DIV/OP_2DUP+OP_DIV+OP_DROP/divmod-crossover/248Bx56B/asymmetric-1/4-add-back/No error: 0.660 s
round 1 case 114/204 gsr-tapscript-v2/OP_1SUB/OP_3DUP+OP_1SUB+OP_DROP+OP_1SUB+OP_DROP+OP_1SUB+OP_DROP/unary-preserve-3way/521B/padded-low/No error: 0.605 s
round 1 case 115/204 gsr-tapscript-v2/OP_AND/OP_2DUP+OP_AND+OP_DROP/binary-preserve/64KBx1B/asymmetric-long-short/No error: 0.094 s
round 1 case 116/204 gsr-tapscript-v2/OP_DIV/OP_2DUP+OP_DIV+OP_DROP/divmod-crossover/240Bx60B/asymmetric-quarter-dense/No error: 0.393 s
round 1 case 117/204 gsr-tapscript-v2/OP_BYTEREV/OP_BYTEREV/byterev-in-place/7B/alternating/No error: 1.294 s
round 1 case 118/204 gsr-tapscript-v2/OP_DIV/OP_2DUP+OP_DIV+OP_DROP/divmod-preserve/64KBx64KB/divisor-half-zero-padded/No error: 0.776 s
round 1 case 119/204 gsr-tapscript-v2/OP_DIV/OP_2DUP+OP_DIV+OP_DROP/divmod-preserve/520Bx512B/wide-normalization-top-clear-seed127/No error: 0.725 s
round 1 case 120/204 gsr-tapscript-v2/OP_INVERT/OP_3DUP+OP_INVERT+OP_DROP+OP_INVERT+OP_DROP+OP_INVERT+OP_DROP/unary-crossover-3way/1768B/padded-low/No error: 0.211 s
round 1 case 121/204 gsr-tapscript-v2/OP_XOR/OP_2DUP+OP_XOR+OP_DROP/binary-preserve/1Bx64KB/asymmetric-short-long/No error: 0.052 s
round 1 case 122/204 gsr-tapscript-v2/OP_MOD/OP_2DUP+OP_MOD+OP_DROP/divmod-preserve/1Bx1B/normalization-short/No error: 0.902 s
round 1 case 123/204 gsr-tapscript-v2/OP_MAX/OP_2DUP+OP_MAX+OP_DROP/binary-preserve/511Bx511B/equal-padded-low/No error: 0.789 s
round 1 case 124/204 gsr-tapscript-v2/OP_RIGHT/OP_2DUP+OP_RIGHT+OP_DROP/splice-preserve/3950000B:mid/minimal-offset/No error: 1.002 s
round 1 case 125/204 gsr-tapscript-v2/OP_MAX/OP_2DUP+OP_MAX+OP_DROP/binary-preserve/1250Bx1250B/equal-padded-low/No error: 0.490 s
round 1 case 126/204 gsr-tapscript-v2/OP_MAX/OP_2DUP+OP_MAX+OP_DROP/binary-preserve/4097Bx4097B/equal-padded-low/No error: 0.358 s
round 1 case 127/204 gsr-tapscript-v2/OP_DIV/OP_2DUP+OP_DIV+OP_DROP/divmod-crossover/232Bx112B/asymmetric-1/2-add-back/No error: 0.744 s
round 1 case 128/204 gsr-tapscript-v2/OP_XOR/OP_2DUP+OP_XOR+OP_DROP/binary-preserve/64KBx1B/asymmetric-long-short/No error: 0.051 s
round 1 case 129/204 gsr-tapscript-v2/OP_RSHIFT/OP_2DUP+OP_RSHIFT+OP_DROP/shift-preserve/17B:56bits/byte-aligned/No error: 1.183 s
round 1 case 130/204 gsr-tapscript-v2/OP_RIGHT/OP_2DUP+OP_RIGHT+OP_DROP/splice-preserve/3950000B:zero/minimal-offset/No error: 0.423 s
round 1 case 131/204 gsr-tapscript-v2/OP_BYTEREV/OP_BYTEREV/byterev-in-place/9B/alternating/No error: 1.289 s
round 1 case 132/204 gsr-tapscript-v2/OP_LEFT/OP_2DUP+OP_LEFT+OP_DROP/splice-preserve/3950000B:quarter/minimal-offset/No error: 0.464 s
round 1 case 133/204 gsr-tapscript-v2/OP_MIN/OP_2DUP+OP_MIN+OP_DROP/binary-preserve/4Bx4B/padded-low/No error: 1.274 s
round 1 case 134/204 gsr-tapscript-v2/OP_SUBSTR/OP_3DUP+OP_SUBSTR+OP_DROP/substr-preserve/3998900B:one-mid/minimal-lengths/No error: 0.396 s
round 1 case 135/204 gsr-tapscript-v2/OP_1SUB/OP_3DUP+OP_1SUB+OP_DROP+OP_1SUB+OP_DROP+OP_1SUB+OP_DROP/unary-crossover-3way/1768B/padded-low/No error: 0.326 s
round 1 case 136/204 gsr-tapscript-v2/OP_RSHIFT/OP_2DUP+OP_RSHIFT+OP_DROP/shift-preserve/64KB:524288bits/byte-aligned/No error: 0.088 s
round 1 case 137/204 gsr-tapscript-v2/OP_MOD/OP_2DUP+OP_MOD+OP_DROP/divmod-preserve/16KBx4KB/dividend-half-zero-padded/No error: 0.775 s
round 1 case 138/204 gsr-tapscript-v2/OP_BYTEREV/OP_BYTEREV/byterev-in-place/0B/alternating/No error: 1.167 s
round 1 case 139/204 gsr-tapscript-v2/OP_XOR/OP_2DUP+OP_XOR+OP_DROP/binary-preserve/2000000Bx2000000B/equal-dense/No error: 0.357 s
round 1 case 140/204 gsr-tapscript-v2/OP_RSHIFT/OP_2DUP+OP_RSHIFT+OP_DROP/shift-preserve/1KB:8bits/byte-aligned/No error: 0.337 s
round 1 case 141/204 gsr-tapscript-v2/OP_DIV/OP_2DUP+OP_DIV+OP_DROP/divmod-crossover/288Bx24B/asymmetric-1/16-add-back/No error: 0.569 s
round 1 case 142/204 gsr-tapscript-v2/OP_DIV/OP_2DUP+OP_DIV+OP_DROP/divmod-preserve/26Bx25B/small-normalization-boundary/No error: 1.117 s
round 1 case 143/204 gsr-tapscript-v2/OP_DIV/OP_2DUP+OP_DIV+OP_DROP/divmod-preserve/1000001Bx1000001B/largest-normalized/No error: 0.578 s
round 1 case 144/204 gsr-tapscript-v2/OP_BYTEREV/OP_BYTEREV/byterev-in-place/17B/alternating/No error: 1.078 s
round 1 case 145/204 gsr-tapscript-v2/OP_MOD/OP_2DUP+OP_MOD+OP_DROP/divmod-preserve/9Bx1B/small-normalization-boundary/No error: 0.925 s
round 1 case 146/204 gsr-tapscript-v2/OP_BYTEREV/OP_BYTEREV/byterev-in-place/64KB/alternating/No error: 0.371 s
round 1 case 147/204 gsr-tapscript-v2/OP_INVERT/OP_3DUP+OP_INVERT+OP_DROP+OP_INVERT+OP_DROP+OP_INVERT+OP_DROP/unary-preserve-3way/521B/padded-low/No error: 0.530 s
round 1 case 148/204 gsr-tapscript-v2/OP_LEFT/OP_2DUP+OP_LEFT+OP_DROP/splice-preserve/3950000B:below-mid/minimal-offset/No error: 0.665 s
round 1 case 149/204 gsr-tapscript-v2/OP_1SUB/OP_DUP+OP_1SUB+OP_DROP/unary-preserve-single/4000000B/late-nonzero/No error: 0.519 s
round 1 case 150/204 gsr-tapscript-v2/OP_MOD/OP_2DUP+OP_MOD+OP_DROP/divmod-crossover/289Bx18B/asymmetric-sixteenth-top-limb-one/No error: 0.859 s
round 1 case 151/204 gsr-tapscript-v2/OP_DIV/OP_2DUP+OP_DIV+OP_DROP/divmod-preserve/520Bx512B/wide-normalization-top-clear-seed17/No error: 0.724 s
round 1 case 152/204 gsr-tapscript-v2/OP_DIV/OP_2DUP+OP_DIV+OP_DROP/divmod-preserve/65Bx57B/small-normalization-boundary/No error: 0.974 s
round 1 case 153/204 gsr-tapscript-v2/OP_MOD/OP_2DUP+OP_MOD+OP_DROP/divmod-crossover/337Bx1B/asymmetric-one-byte/No error: 0.748 s
round 1 case 154/204 gsr-tapscript-v2/OP_MOD/OP_2DUP+OP_MOD+OP_DROP/divmod-preserve/64KBx64KB/divisor-half-zero-padded/No error: 0.777 s
round 1 case 155/204 gsr-tapscript-v2/OP_DIV/OP_2DUP+OP_DIV+OP_DROP/divmod-scale-tail/64KBx16KB/asymmetric-quarter-add-back/No error: 1.369 s
round 1 case 156/204 gsr-tapscript-v2/OP_BYTEREV/OP_BYTEREV/byterev-in-place/4000000B/alternating/No error: 0.415 s
round 1 case 157/204 gsr-tapscript-v2/OP_BYTEREV/OP_BYTEREV/byterev-in-place/16B/alternating/No error: 1.109 s
round 1 case 158/204 gsr-tapscript-v2/OP_MOD/OP_2DUP+OP_MOD+OP_DROP/divmod-crossover/289Bx18B/asymmetric-sixteenth-dense/No error: 0.592 s
round 1 case 159/204 gsr-tapscript-v2/OP_MIN/OP_2DUP+OP_MIN+OP_DROP/binary-preserve/64KBx1B/asymmetric-long-short/No error: 0.071 s
round 1 case 160/204 gsr-tapscript-v2/OP_MAX/OP_2DUP+OP_MAX+OP_DROP/binary-preserve/2000000Bx2000000B/equal-padded-low/No error: 0.573 s
round 1 case 161/204 gsr-tapscript-v2/OP_INVERT/OP_3DUP+OP_INVERT+OP_DROP+OP_INVERT+OP_DROP+OP_INVERT+OP_DROP/unary-crossover-3way/1769B/padded-low/No error: 0.226 s
round 1 case 162/204 gsr-tapscript-v2/OP_RSHIFT/OP_2DUP+OP_RSHIFT+OP_DROP/shift-preserve/256KB:8bits/byte-aligned/No error: 0.118 s
round 1 case 163/204 gsr-tapscript-v2/OP_RSHIFT/OP_2DUP+OP_RSHIFT+OP_DROP/shift-preserve/1B:31999992bits/byte-aligned/No error: 1.178 s
round 1 case 164/204 gsr-tapscript-v2/OP_RSHIFT/OP_2DUP+OP_RSHIFT+OP_DROP/shift-preserve/1KB:1032bits/byte-aligned/No error: 0.333 s
round 1 case 165/204 gsr-tapscript-v2/OP_MOD/OP_2DUP+OP_MOD+OP_DROP/divmod-preserve/520Bx512B/wide-normalization-top-clear-seed127/No error: 0.733 s
round 1 case 166/204 gsr-tapscript-v2/OP_MOD/OP_2DUP+OP_MOD+OP_DROP/divmod-crossover/241Bx60B/asymmetric-quarter-top-clear/No error: 0.893 s
round 1 case 167/204 gsr-tapscript-v2/OP_MOD/OP_2DUP+OP_MOD+OP_DROP/divmod-crossover/336Bx1B/asymmetric-one-byte/No error: 0.746 s
round 1 case 168/204 gsr-tapscript-v2/OP_MOD/4096xOP_2DUP+4096x(OP_MOD+OP_DROP)/divmod-batched-pool/520Bx512B/4096-pairs/wide-normalization-top-clear-seed17/No error: 0.828 s
round 1 case 169/204 gsr-tapscript-v2/OP_MOD/OP_2DUP+OP_MOD+OP_DROP/divmod-preserve/25Bx17B/knuth-d3-quotient-correction/No error: 0.914 s
round 1 case 170/204 gsr-tapscript-v2/OP_MOD/OP_2DUP+OP_MOD+OP_DROP/divmod-preserve/520Bx512B/wide-normalization-top-one-seed127/No error: 0.736 s
round 1 case 171/204 gsr-tapscript-v2/OP_RSHIFT/OP_2DUP+OP_RSHIFT+OP_DROP/shift-crossover/2208B:65bits/unaligned/No error: 0.349 s
round 1 case 172/204 gsr-tapscript-v2/OP_SUB/OP_2DUP+OP_SUB+OP_DROP/binary-preserve/1Bx64KB/asymmetric-short-long/No error: 0.138 s
round 1 case 173/204 gsr-tapscript-v2/OP_LEFT/OP_2DUP+OP_LEFT+OP_DROP/splice-preserve/3950000B:end/minimal-offset/No error: 0.420 s
round 1 case 174/204 gsr-tapscript-v2/OP_RIGHT/OP_2DUP+OP_RIGHT+OP_DROP/splice-preserve/3950000B:end/minimal-offset/No error: 0.295 s
round 1 case 175/204 gsr-tapscript-v2/OP_MOD/OP_2DUP+OP_MOD+OP_DROP/divmod-crossover/240Bx120B/asymmetric-1/2-add-back/No error: 0.744 s
round 1 case 176/204 gsr-tapscript-v2/OP_MIN/OP_2DUP+OP_MIN+OP_DROP/binary-preserve/511Bx511B/equal-padded-low/No error: 0.791 s
round 1 case 177/204 gsr-tapscript-v2/OP_DIV/OP_2DUP+OP_DIV+OP_DROP/divmod-crossover/256Bx64B/asymmetric-1/4-add-back/No error: 0.677 s
round 1 case 178/204 gsr-tapscript-v2/OP_DIV/OP_2DUP+OP_DIV+OP_DROP/divmod-preserve/520Bx512B/wide-normalization-top-one-seed17/No error: 0.725 s
round 1 case 179/204 gsr-tapscript-v2/OP_DIV/OP_2DUP+OP_DIV+OP_DROP/divmod-preserve/113Bx57B/small-normalization-boundary/No error: 0.891 s
round 1 case 180/204 gsr-tapscript-v2/OP_MOD/OP_2DUP+OP_MOD+OP_DROP/divmod-crossover/241Bx60B/asymmetric-quarter-dense/No error: 0.422 s
round 1 case 181/204 gsr-tapscript-v2/OP_MAX/OP_2DUP+OP_MAX+OP_DROP/binary-preserve/1950000Bx1950000B/equal-dense-funded/No error: 0.464 s
round 1 case 182/204 gsr-tapscript-v2/OP_MOD/OP_2DUP+OP_MOD+OP_DROP/divmod-crossover/232Bx112B/asymmetric-1/2-add-back/No error: 0.767 s
round 1 case 183/204 gsr-tapscript-v2/OP_INVERT/OP_3DUP+OP_INVERT+OP_DROP+OP_INVERT+OP_DROP+OP_INVERT+OP_DROP/unary-preserve-3way/17B/padded-low/No error: 1.245 s
round 1 case 184/204 gsr-tapscript-v2/OP_AND/OP_2DUP+OP_AND+OP_DROP/binary-preserve/1Bx1B/equal-dense/No error: 1.078 s
round 1 case 185/204 gsr-tapscript-v2/OP_MOD/OP_2DUP+OP_MOD+OP_DROP/divmod-preserve/25Bx24B/small-normalization-boundary/No error: 0.893 s
round 1 case 186/204 gsr-tapscript-v2/OP_DIV/OP_2DUP+OP_DIV+OP_DROP/divmod-preserve/18Bx9B/small-normalization-boundary/No error: 0.949 s
round 1 case 187/204 gsr-tapscript-v2/OP_DIV/OP_2DUP+OP_DIV+OP_DROP/divmod-crossover/289Bx18B/asymmetric-sixteenth-top-limb-one/No error: 0.840 s
round 1 case 188/204 gsr-tapscript-v2/OP_RSHIFT/OP_2DUP+OP_RSHIFT+OP_DROP/shift-preserve/17B:65bits/unaligned/No error: 1.132 s
round 1 case 189/204 gsr-tapscript-v2/OP_MOD/256xOP_2DUP+256x(OP_MOD+OP_DROP)/divmod-batched-pool/520Bx512B/256-pairs/wide-normalization-top-clear-seed17/No error: 0.759 s
round 1 case 190/204 gsr-tapscript-v2/OP_2DIV/OP_3DUP+OP_2DIV+OP_DROP+OP_2DIV+OP_DROP+OP_2DIV+OP_DROP/unary-crossover-3way/1768B/padded-low/No error: 0.354 s
round 1 case 191/204 gsr-tapscript-v2/OP_DIV/OP_2DUP+OP_DIV+OP_DROP/divmod-preserve/999999Bx999999B/largest-normalized/No error: 0.460 s
round 1 case 192/204 gsr-tapscript-v2/OP_1SUB/OP_3DUP+OP_1SUB+OP_DROP+OP_1SUB+OP_DROP+OP_1SUB+OP_DROP/unary-preserve-3way/4B/padded-low/No error: 1.266 s
round 1 case 193/204 gsr-tapscript-v2/OP_DIV/OP_2DUP+OP_DIV+OP_DROP/divmod-crossover/336Bx1B/asymmetric-one-byte/No error: 0.723 s
round 1 case 194/204 gsr-tapscript-v2/OP_DIV/OP_2DUP+OP_DIV+OP_DROP/divmod-preserve/25Bx17B/knuth-d3-quotient-correction/No error: 1.052 s
round 1 case 195/204 gsr-tapscript-v2/OP_LEFT/OP_2DUP+OP_LEFT+OP_DROP/splice-preserve/3950000B:past-end/padded-offset/No error: 0.421 s
round 1 case 196/204 gsr-tapscript-v2/OP_DIV/OP_2DUP+OP_DIV+OP_DROP/divmod-crossover/288Bx18B/asymmetric-sixteenth-dense/No error: 0.564 s
round 1 case 197/204 gsr-tapscript-v2/OP_RSHIFT/OP_2DUP+OP_RSHIFT+OP_DROP/shift-preserve/1KB:1033bits/unaligned/No error: 0.446 s
round 1 case 198/204 gsr-tapscript-v2/OP_RSHIFT/OP_2DUP+OP_RSHIFT+OP_DROP/shift-preserve/17B:9bits/unaligned/No error: 1.081 s
round 1 case 199/204 gsr-tapscript-v2/OP_DIV/OP_2DUP+OP_DIV+OP_DROP/divmod-crossover/288Bx18B/asymmetric-sixteenth-top-limb-one/No error: 0.810 s
round 1 case 200/204 gsr-tapscript-v2/OP_DIV/OP_2DUP+OP_DIV+OP_DROP/divmod-preserve/9Bx1B/small-normalization-boundary/No error: 0.891 s
round 1 case 201/204 gsr-tapscript-v2/OP_BYTEREV/OP_BYTEREV/byterev-in-place/1B/alternating/No error: 1.127 s
round 1 case 202/204 gsr-tapscript-v2/OP_DIV/OP_2DUP+OP_DIV+OP_DROP/divmod-preserve/57Bx57B/small-normalization-boundary/No error: 1.032 s
round 1 case 203/204 gsr-tapscript-v2/OP_MOD/OP_2DUP+OP_MOD+OP_DROP/divmod-scale-tail/64KBx16KB/asymmetric-quarter-top-clear/No error: 0.778 s
round 1 case 204/204 gsr-tapscript-v2/OP_MAX/OP_2DUP+OP_MAX+OP_DROP/binary-preserve/4Bx4B/padded-low/No error: 1.278 s
Stable measurement: round 1/3 complete
round 2 case 1/204 gsr-tapscript-v2/OP_RIGHT/OP_2DUP+OP_RIGHT+OP_DROP/splice-preserve/3950000B:past-end/padded-offset/No error: 0.688 s
round 2 case 2/204 gsr-tapscript-v2/OP_MOD/OP_2DUP+OP_MOD+OP_DROP/divmod-preserve/34Bx17B/small-normalization-boundary/No error: 0.924 s
round 2 case 3/204 gsr-tapscript-v2/OP_DIV/OP_2DUP+OP_DIV+OP_DROP/divmod-preserve/16KBx16KB/divisor-half-zero-padded/No error: 0.775 s
round 2 case 4/204 gsr-tapscript-v2/OP_MAX/OP_2DUP+OP_MAX+OP_DROP/binary-preserve/511Bx511B/equal-padded-low/No error: 0.790 s
round 2 case 5/204 gsr-tapscript-v2/OP_RSHIFT/OP_2DUP+OP_RSHIFT+OP_DROP/shift-preserve/1KB:1032bits/byte-aligned/No error: 0.332 s
round 2 case 6/204 gsr-tapscript-v2/OP_DIV/OP_2DUP+OP_DIV+OP_DROP/divmod-preserve/1000000Bx1000000B/largest-normalized/No error: 0.465 s
round 2 case 7/204 gsr-tapscript-v2/OP_INVERT/OP_DUP+OP_INVERT+OP_DROP/unary-preserve-single/4000000B/late-nonzero/No error: 0.332 s
round 2 case 8/204 gsr-tapscript-v2/OP_SUBSTR/OP_3DUP+OP_SUBSTR+OP_DROP/substr-preserve/3998900B:zero-one/minimal-lengths/No error: 0.420 s
round 2 case 9/204 gsr-tapscript-v2/OP_MOD/OP_2DUP+OP_MOD+OP_DROP/divmod-preserve/17Bx9B/normalization-top-clear/No error: 0.937 s
round 2 case 10/204 gsr-tapscript-v2/OP_MOD/OP_2DUP+OP_MOD+OP_DROP/divmod-preserve/1Bx1B/normalization-short/No error: 0.905 s
round 2 case 11/204 gsr-tapscript-v2/OP_DIV/OP_2DUP+OP_DIV+OP_DROP/divmod-preserve/65Bx57B/small-normalization-boundary/No error: 0.974 s
round 2 case 12/204 gsr-tapscript-v2/OP_MOD/OP_2DUP+OP_MOD+OP_DROP/divmod-scale-tail/64KBx16KB/asymmetric-quarter-top-clear/No error: 0.777 s
round 2 case 13/204 gsr-tapscript-v2/OP_RSHIFT/OP_2DUP+OP_RSHIFT+OP_DROP/shift-preserve/17B:9bits/unaligned/No error: 1.090 s
round 2 case 14/204 gsr-tapscript-v2/OP_DIV/OP_2DUP+OP_DIV+OP_DROP/divmod-crossover/241Bx60B/asymmetric-quarter-dense/No error: 0.384 s
round 2 case 15/204 gsr-tapscript-v2/OP_MIN/OP_2DUP+OP_MIN+OP_DROP/binary-preserve/1950000Bx1950000B/equal-padded-low-funded/No error: 0.575 s
round 2 case 16/204 gsr-tapscript-v2/OP_DIV/OP_2DUP+OP_DIV+OP_DROP/divmod-scale-tail/64KBx16KB/asymmetric-quarter-add-back/No error: 1.351 s
round 2 case 17/204 gsr-tapscript-v2/OP_DIV/OP_2DUP+OP_DIV+OP_DROP/divmod-preserve/520Bx512B/wide-normalization-top-one-seed127/No error: 0.727 s
round 2 case 18/204 gsr-tapscript-v2/OP_LEFT/OP_2DUP+OP_LEFT+OP_DROP/splice-preserve/3950000B:end/minimal-offset/No error: 0.419 s
round 2 case 19/204 gsr-tapscript-v2/OP_DIV/OP_2DUP+OP_DIV+OP_DROP/divmod-preserve/18Bx9B/small-normalization-boundary/No error: 0.952 s
round 2 case 20/204 gsr-tapscript-v2/OP_1SUB/OP_3DUP+OP_1SUB+OP_DROP+OP_1SUB+OP_DROP+OP_1SUB+OP_DROP/unary-crossover-3way/1768B/padded-low/No error: 0.324 s
round 2 case 21/204 gsr-tapscript-v2/OP_DIV/OP_2DUP+OP_DIV+OP_DROP/divmod-crossover/240Bx60B/asymmetric-quarter-dense/No error: 0.386 s
round 2 case 22/204 gsr-tapscript-v2/OP_LEFT/OP_2DUP+OP_LEFT+OP_DROP/splice-preserve/3950000B:quarter/minimal-offset/No error: 0.466 s
round 2 case 23/204 gsr-tapscript-v2/OP_RSHIFT/OP_2DUP+OP_RSHIFT+OP_DROP/shift-crossover/2209B:8bits/byte-aligned/No error: 0.211 s
round 2 case 24/204 gsr-tapscript-v2/OP_MOD/OP_2DUP+OP_MOD+OP_DROP/divmod-preserve/9Bx1B/small-normalization-boundary/No error: 0.890 s
round 2 case 25/204 gsr-tapscript-v2/OP_DIV/OP_2DUP+OP_DIV+OP_DROP/divmod-crossover/256Bx64B/asymmetric-1/4-add-back/No error: 0.681 s
round 2 case 26/204 gsr-tapscript-v2/OP_DIV/256xOP_2DUP+256x(OP_DIV+OP_DROP)/divmod-batched-pool/520Bx512B/256-pairs/wide-normalization-top-clear-seed17/No error: 0.741 s
round 2 case 27/204 gsr-tapscript-v2/OP_MAX/OP_2DUP+OP_MAX+OP_DROP/binary-preserve/2000000Bx2000000B/equal-dense/No error: 0.450 s
round 2 case 28/204 gsr-tapscript-v2/OP_DIV/OP_2DUP+OP_DIV+OP_DROP/divmod-preserve/64KBx16KB/dividend-half-zero-padded/No error: 0.775 s
round 2 case 29/204 gsr-tapscript-v2/OP_LEFT/OP_2DUP+OP_LEFT+OP_DROP/splice-preserve/3950000B:zero/minimal-offset/No error: 0.419 s
round 2 case 30/204 gsr-tapscript-v2/OP_MOD/OP_2DUP+OP_MOD+OP_DROP/divmod-preserve/26Bx25B/small-normalization-boundary/No error: 0.969 s
round 2 case 31/204 gsr-tapscript-v2/OP_MOD/OP_2DUP+OP_MOD+OP_DROP/divmod-preserve/57Bx57B/small-normalization-boundary/No error: 0.920 s
round 2 case 32/204 gsr-tapscript-v2/OP_MOD/OP_2DUP+OP_MOD+OP_DROP/divmod-crossover/256Bx64B/asymmetric-1/4-add-back/No error: 0.697 s
round 2 case 33/204 gsr-tapscript-v2/OP_1SUB/OP_3DUP+OP_1SUB+OP_DROP+OP_1SUB+OP_DROP+OP_1SUB+OP_DROP/unary-preserve-3way/4B/padded-low/No error: 1.261 s
round 2 case 34/204 pre-gsr-tapscript-v1/OP_1SUB/OP_3DUP+OP_1SUB+OP_DROP+OP_1SUB+OP_DROP+OP_1SUB+OP_DROP/unary-preserve-3way/4B/padded-low/No error: 0.102 s
round 2 case 35/204 gsr-tapscript-v2/OP_LEFT/OP_2DUP+OP_LEFT+OP_DROP/splice-preserve/3950000B:one/minimal-offset/No error: 0.475 s
round 2 case 36/204 gsr-tapscript-v2/OP_BYTEREV/OP_BYTEREV/byterev-in-place/7B/alternating/No error: 1.291 s
round 2 case 37/204 gsr-tapscript-v2/OP_DIV/OP_2DUP+OP_DIV+OP_DROP/divmod-crossover/288Bx18B/asymmetric-sixteenth-dense/No error: 0.557 s
round 2 case 38/204 gsr-tapscript-v2/OP_BYTEREV/OP_BYTEREV/byterev-in-place/0B/alternating/No error: 1.180 s
round 2 case 39/204 gsr-tapscript-v2/OP_RSHIFT/OP_2DUP+OP_RSHIFT+OP_DROP/shift-crossover/2208B:8bits/byte-aligned/No error: 0.214 s
round 2 case 40/204 gsr-tapscript-v2/OP_MIN/OP_2DUP+OP_MIN+OP_DROP/binary-preserve/255Bx255B/equal-padded-low/No error: 0.825 s
round 2 case 41/204 gsr-tapscript-v2/OP_DIV/OP_2DUP+OP_DIV+OP_DROP/divmod-crossover/296Bx24B/asymmetric-1/16-add-back/No error: 0.562 s
round 2 case 42/204 gsr-tapscript-v2/OP_XOR/OP_2DUP+OP_XOR+OP_DROP/binary-preserve/1Bx1B/equal-dense/No error: 1.075 s
round 2 case 43/204 gsr-tapscript-v2/OP_DIV/OP_2DUP+OP_DIV+OP_DROP/divmod-crossover/248Bx56B/asymmetric-1/4-add-back/No error: 0.660 s
round 2 case 44/204 gsr-tapscript-v2/OP_DIV/OP_2DUP+OP_DIV+OP_DROP/divmod-preserve/520Bx512B/wide-normalization-top-clear-seed17/No error: 0.723 s
round 2 case 45/204 gsr-tapscript-v2/OP_MAX/OP_2DUP+OP_MAX+OP_DROP/binary-preserve/1Bx64KB/asymmetric-short-long/No error: 0.068 s
round 2 case 46/204 gsr-tapscript-v2/OP_DIV/OP_2DUP+OP_DIV+OP_DROP/divmod-crossover/240Bx120B/asymmetric-1/2-add-back/No error: 0.746 s
round 2 case 47/204 gsr-tapscript-v2/OP_MOD/OP_2DUP+OP_MOD+OP_DROP/divmod-preserve/64KBx16KB/dividend-half-zero-padded/No error: 0.778 s
round 2 case 48/204 gsr-tapscript-v2/OP_MOD/OP_2DUP+OP_MOD+OP_DROP/divmod-preserve/1000000Bx1000000B/largest-normalized/No error: 0.549 s
round 2 case 49/204 gsr-tapscript-v2/OP_SUBSTR/OP_3DUP+OP_SUBSTR+OP_DROP/substr-preserve/3998900B:one-mid/minimal-lengths/No error: 0.410 s
round 2 case 50/204 gsr-tapscript-v2/OP_MAX/OP_2DUP+OP_MAX+OP_DROP/binary-preserve/1950000Bx1950000B/equal-padded-low-funded/No error: 0.781 s
round 2 case 51/204 gsr-tapscript-v2/OP_RSHIFT/OP_2DUP+OP_RSHIFT+OP_DROP/shift-preserve/1B:1bits/unaligned/No error: 1.088 s
round 2 case 52/204 gsr-tapscript-v2/OP_MOD/OP_2DUP+OP_MOD+OP_DROP/divmod-crossover/241Bx60B/asymmetric-quarter-dense/No error: 0.415 s
round 2 case 53/204 gsr-tapscript-v2/OP_DIV/OP_2DUP+OP_DIV+OP_DROP/divmod-crossover/289Bx18B/asymmetric-sixteenth-dense/No error: 0.567 s
round 2 case 54/204 gsr-tapscript-v2/OP_RIGHT/OP_2DUP+OP_RIGHT+OP_DROP/splice-preserve/3950000B:quarter/minimal-offset/No error: 0.858 s
round 2 case 55/204 gsr-tapscript-v2/OP_MIN/OP_2DUP+OP_MIN+OP_DROP/binary-preserve/1250Bx1250B/equal-padded-low/No error: 0.496 s
round 2 case 56/204 pre-gsr-tapscript-v1/OP_MAX/OP_2DUP+OP_MAX+OP_DROP/binary-preserve/4Bx4B/padded-low/No error: 0.151 s
round 2 case 57/204 gsr-tapscript-v2/OP_BYTEREV/OP_BYTEREV/byterev-in-place/520B/alternating/No error: 0.609 s
round 2 case 58/204 gsr-tapscript-v2/OP_DIV/OP_2DUP+OP_DIV+OP_DROP/divmod-preserve/999999Bx999999B/largest-normalized/No error: 0.575 s
round 2 case 59/204 gsr-tapscript-v2/OP_MOD/OP_2DUP+OP_MOD+OP_DROP/divmod-preserve/25Bx24B/small-normalization-boundary/No error: 0.893 s
round 2 case 60/204 gsr-tapscript-v2/OP_BYTEREV/OP_BYTEREV/byterev-in-place/15B/alternating/No error: 1.482 s
round 2 case 61/204 gsr-tapscript-v2/OP_MOD/OP_2DUP+OP_MOD+OP_DROP/divmod-preserve/32Bx24B/knuth-d6-add-back/No error: 0.856 s
round 2 case 62/204 gsr-tapscript-v2/OP_DIV/OP_2DUP+OP_DIV+OP_DROP/divmod-preserve/25Bx24B/small-normalization-boundary/No error: 1.032 s
round 2 case 63/204 gsr-tapscript-v2/OP_AND/OP_2DUP+OP_AND+OP_DROP/binary-preserve/64KBx1B/asymmetric-long-short/No error: 0.097 s
round 2 case 64/204 gsr-tapscript-v2/OP_DIV/OP_2DUP+OP_DIV+OP_DROP/divmod-scale-tail/64KBx16KB/asymmetric-quarter-top-clear/No error: 0.778 s
round 2 case 65/204 gsr-tapscript-v2/OP_MOD/OP_2DUP+OP_MOD+OP_DROP/divmod-preserve/520Bx512B/wide-normalization-top-one-seed17/No error: 0.734 s
round 2 case 66/204 gsr-tapscript-v2/OP_MIN/OP_2DUP+OP_MIN+OP_DROP/binary-preserve/1Bx64KB/asymmetric-short-long/No error: 0.070 s
round 2 case 67/204 gsr-tapscript-v2/OP_MOD/OP_2DUP+OP_MOD+OP_DROP/divmod-crossover/288Bx18B/asymmetric-sixteenth-dense/No error: 0.566 s
round 2 case 68/204 gsr-tapscript-v2/OP_AND/OP_2DUP+OP_AND+OP_DROP/binary-preserve/1Bx1B/equal-dense/No error: 1.080 s
round 2 case 69/204 gsr-tapscript-v2/OP_DIV/OP_2DUP+OP_DIV+OP_DROP/divmod-preserve/8Bx16B/dividend-smaller/No error: 0.830 s
round 2 case 70/204 gsr-tapscript-v2/OP_DIV/4096xOP_2DUP+4096x(OP_DIV+OP_DROP)/divmod-batched-pool/520Bx512B/4096-pairs/wide-normalization-top-clear-seed17/No error: 0.834 s
round 2 case 71/204 gsr-tapscript-v2/OP_XOR/OP_2DUP+OP_XOR+OP_DROP/binary-preserve/1Bx64KB/asymmetric-short-long/No error: 0.056 s
round 2 case 72/204 gsr-tapscript-v2/OP_MOD/OP_2DUP+OP_MOD+OP_DROP/divmod-crossover/241Bx60B/asymmetric-quarter-top-clear/No error: 0.893 s
round 2 case 73/204 gsr-tapscript-v2/OP_RSHIFT/OP_2DUP+OP_RSHIFT+OP_DROP/shift-preserve/17B:65bits/unaligned/No error: 1.133 s
round 2 case 74/204 gsr-tapscript-v2/OP_MOD/OP_2DUP+OP_MOD+OP_DROP/divmod-crossover/240Bx120B/asymmetric-1/2-add-back/No error: 0.742 s
round 2 case 75/204 gsr-tapscript-v2/OP_MOD/OP_2DUP+OP_MOD+OP_DROP/divmod-preserve/8Bx16B/dividend-smaller/No error: 0.808 s
round 2 case 76/204 gsr-tapscript-v2/OP_DIV/OP_2DUP+OP_DIV+OP_DROP/divmod-preserve/1Bx1B/normalization-short/No error: 0.904 s
round 2 case 77/204 gsr-tapscript-v2/OP_RIGHT/OP_2DUP+OP_RIGHT+OP_DROP/splice-preserve/3950000B:one/minimal-offset/No error: 0.503 s
round 2 case 78/204 gsr-tapscript-v2/OP_MOD/OP_2DUP+OP_MOD+OP_DROP/divmod-crossover/337Bx1B/asymmetric-one-byte/No error: 0.750 s
round 2 case 79/204 gsr-tapscript-v2/OP_MIN/OP_2DUP+OP_MIN+OP_DROP/binary-preserve/120Bx120B/equal-padded-low/No error: 0.985 s
round 2 case 80/204 gsr-tapscript-v2/OP_MOD/OP_2DUP+OP_MOD+OP_DROP/divmod-preserve/16KBx16KB/divisor-half-zero-padded/No error: 0.777 s
round 2 case 81/204 gsr-tapscript-v2/OP_MAX/OP_2DUP+OP_MAX+OP_DROP/binary-preserve/255Bx255B/equal-padded-low/No error: 0.848 s
round 2 case 82/204 gsr-tapscript-v2/OP_DIV/OP_2DUP+OP_DIV+OP_DROP/divmod-crossover/241Bx60B/asymmetric-quarter-top-clear/No error: 0.856 s
round 2 case 83/204 gsr-tapscript-v2/OP_DIV/OP_2DUP+OP_DIV+OP_DROP/divmod-preserve/1000001Bx1000001B/largest-normalized/No error: 0.579 s
round 2 case 84/204 gsr-tapscript-v2/OP_MOD/OP_2DUP+OP_MOD+OP_DROP/divmod-preserve/113Bx57B/small-normalization-boundary/No error: 0.882 s
round 2 case 85/204 gsr-tapscript-v2/OP_MOD/OP_2DUP+OP_MOD+OP_DROP/divmod-preserve/16KBx4KB/dividend-half-zero-padded/No error: 0.774 s
round 2 case 86/204 gsr-tapscript-v2/OP_LEFT/OP_2DUP+OP_LEFT+OP_DROP/splice-preserve/3950000B:below-mid/minimal-offset/No error: 0.706 s
round 2 case 87/204 gsr-tapscript-v2/OP_RIGHT/OP_2DUP+OP_RIGHT+OP_DROP/splice-preserve/3950000B:mid/minimal-offset/No error: 0.457 s
round 2 case 88/204 gsr-tapscript-v2/OP_2DIV/OP_3DUP+OP_2DIV+OP_DROP+OP_2DIV+OP_DROP+OP_2DIV+OP_DROP/unary-crossover-3way/1769B/padded-low/No error: 0.359 s
round 2 case 89/204 gsr-tapscript-v2/OP_MOD/OP_2DUP+OP_MOD+OP_DROP/divmod-crossover/336Bx1B/asymmetric-one-byte/No error: 0.746 s
round 2 case 90/204 gsr-tapscript-v2/OP_SUB/OP_2DUP+OP_SUB+OP_DROP/binary-preserve/64KBx1B/asymmetric-long-short/No error: 0.186 s
round 2 case 91/204 gsr-tapscript-v2/OP_DIV/OP_2DUP+OP_DIV+OP_DROP/divmod-crossover/336Bx1B/asymmetric-one-byte/No error: 0.722 s
round 2 case 92/204 gsr-tapscript-v2/OP_MAX/OP_2DUP+OP_MAX+OP_DROP/binary-preserve/1250Bx1250B/equal-padded-low/No error: 0.491 s
round 2 case 93/204 gsr-tapscript-v2/OP_DIV/OP_2DUP+OP_DIV+OP_DROP/divmod-preserve/34Bx17B/normalization-top-byte-one/No error: 0.936 s
round 2 case 94/204 gsr-tapscript-v2/OP_RSHIFT/OP_2DUP+OP_RSHIFT+OP_DROP/shift-preserve/1KB:8bits/byte-aligned/No error: 0.334 s
round 2 case 95/204 gsr-tapscript-v2/OP_RSHIFT/OP_2DUP+OP_RSHIFT+OP_DROP/shift-preserve/135000B:8bits/byte-aligned/No error: 0.130 s
round 2 case 96/204 gsr-tapscript-v2/OP_RSHIFT/OP_2DUP+OP_RSHIFT+OP_DROP/shift-crossover/2208B:65bits/unaligned/No error: 0.350 s
round 2 case 97/204 gsr-tapscript-v2/OP_DIV/OP_2DUP+OP_DIV+OP_DROP/divmod-preserve/57Bx57B/small-normalization-boundary/No error: 1.031 s
round 2 case 98/204 gsr-tapscript-v2/OP_DIV/OP_2DUP+OP_DIV+OP_DROP/divmod-crossover/240Bx60B/asymmetric-quarter-top-clear/No error: 0.875 s
round 2 case 99/204 gsr-tapscript-v2/OP_MIN/OP_2DUP+OP_MIN+OP_DROP/binary-preserve/511Bx511B/equal-padded-low/No error: 0.775 s
round 2 case 100/204 gsr-tapscript-v2/OP_BYTEREV/OP_BYTEREV/byterev-in-place/64KB/alternating/No error: 0.363 s
round 2 case 101/204 gsr-tapscript-v2/OP_DIV/OP_2DUP+OP_DIV+OP_DROP/divmod-preserve/25Bx17B/knuth-d3-quotient-correction/No error: 1.047 s
round 2 case 102/204 gsr-tapscript-v2/OP_DIV/OP_2DUP+OP_DIV+OP_DROP/divmod-preserve/32Bx24B/knuth-d6-add-back/No error: 1.005 s
round 2 case 103/204 gsr-tapscript-v2/OP_MOD/OP_2DUP+OP_MOD+OP_DROP/divmod-crossover/296Bx24B/asymmetric-1/16-add-back/No error: 0.582 s
round 2 case 104/204 gsr-tapscript-v2/OP_OR/OP_2DUP+OP_OR+OP_DROP/binary-preserve/1Bx64KB/asymmetric-short-long/No error: 0.054 s
round 2 case 105/204 gsr-tapscript-v2/OP_SUB/OP_2DUP+OP_SUB+OP_DROP/binary-preserve/1Bx64KB/asymmetric-short-long/No error: 0.137 s
round 2 case 106/204 gsr-tapscript-v2/OP_MOD/OP_2DUP+OP_MOD+OP_DROP/divmod-crossover/288Bx18B/asymmetric-sixteenth-top-limb-one/No error: 0.823 s
round 2 case 107/204 gsr-tapscript-v2/OP_DIV/OP_2DUP+OP_DIV+OP_DROP/divmod-crossover/289Bx18B/asymmetric-sixteenth-top-limb-one/No error: 0.831 s
round 2 case 108/204 gsr-tapscript-v2/OP_DIV/OP_2DUP+OP_DIV+OP_DROP/divmod-crossover/288Bx24B/asymmetric-1/16-add-back/No error: 0.568 s
round 2 case 109/204 gsr-tapscript-v2/OP_MOD/OP_2DUP+OP_MOD+OP_DROP/divmod-preserve/34Bx17B/normalization-top-byte-one/No error: 1.062 s
round 2 case 110/204 gsr-tapscript-v2/OP_MOD/OP_2DUP+OP_MOD+OP_DROP/divmod-preserve/65Bx57B/small-normalization-boundary/No error: 0.884 s
round 2 case 111/204 gsr-tapscript-v2/OP_2DIV/OP_DUP+OP_2DIV+OP_DROP/unary-preserve-single/4000000B/late-nonzero/No error: 0.426 s
round 2 case 112/204 gsr-tapscript-v2/OP_BYTEREV/OP_BYTEREV/byterev-in-place/4KB/alternating/No error: 0.405 s
round 2 case 113/204 gsr-tapscript-v2/OP_MOD/OP_2DUP+OP_MOD+OP_DROP/divmod-preserve/129Bx121B/small-normalization-boundary/No error: 0.789 s
round 2 case 114/204 gsr-tapscript-v2/OP_INVERT/OP_3DUP+OP_INVERT+OP_DROP+OP_INVERT+OP_DROP+OP_INVERT+OP_DROP/unary-crossover-3way/1769B/padded-low/No error: 0.225 s
round 2 case 115/204 gsr-tapscript-v2/OP_INVERT/OP_3DUP+OP_INVERT+OP_DROP+OP_INVERT+OP_DROP+OP_INVERT+OP_DROP/unary-crossover-3way/1768B/padded-low/No error: 0.210 s
round 2 case 116/204 gsr-tapscript-v2/OP_MAX/OP_2DUP+OP_MAX+OP_DROP/binary-preserve/2000000Bx2000000B/equal-padded-low/No error: 0.576 s
round 2 case 117/204 gsr-tapscript-v2/OP_2DIV/OP_DUP+OP_2DIV+OP_DROP/unary-preserve-single/4000000B/padded-low/No error: 0.395 s
round 2 case 118/204 gsr-tapscript-v2/OP_DIV/OP_2DUP+OP_DIV+OP_DROP/divmod-preserve/34Bx17B/small-normalization-boundary/No error: 0.910 s
round 2 case 119/204 gsr-tapscript-v2/OP_MOD/OP_2DUP+OP_MOD+OP_DROP/divmod-crossover/240Bx60B/asymmetric-quarter-dense/No error: 0.398 s
round 2 case 120/204 gsr-tapscript-v2/OP_MOD/OP_2DUP+OP_MOD+OP_DROP/divmod-preserve/1000001Bx1000001B/largest-normalized/No error: 0.514 s
round 2 case 121/204 gsr-tapscript-v2/OP_MOD/OP_2DUP+OP_MOD+OP_DROP/divmod-preserve/18Bx9B/small-normalization-boundary/No error: 0.933 s
round 2 case 122/204 gsr-tapscript-v2/OP_MAX/OP_2DUP+OP_MAX+OP_DROP/binary-preserve/120Bx120B/equal-padded-low/No error: 1.022 s
round 2 case 123/204 gsr-tapscript-v2/OP_MOD/OP_2DUP+OP_MOD+OP_DROP/divmod-crossover/288Bx24B/asymmetric-1/16-add-back/No error: 0.586 s
round 2 case 124/204 gsr-tapscript-v2/OP_2DIV/OP_3DUP+OP_2DIV+OP_DROP+OP_2DIV+OP_DROP+OP_2DIV+OP_DROP/unary-crossover-3way/1768B/padded-low/No error: 0.353 s
round 2 case 125/204 gsr-tapscript-v2/OP_MOD/OP_2DUP+OP_MOD+OP_DROP/divmod-preserve/520Bx512B/wide-normalization-top-one-seed127/No error: 0.739 s
round 2 case 126/204 gsr-tapscript-v2/OP_XOR/OP_2DUP+OP_XOR+OP_DROP/binary-preserve/2000000Bx2000000B/equal-dense/No error: 0.359 s
round 2 case 127/204 gsr-tapscript-v2/OP_MIN/OP_2DUP+OP_MIN+OP_DROP/binary-preserve/2000000Bx2000000B/equal-dense/No error: 0.465 s
round 2 case 128/204 gsr-tapscript-v2/OP_MOD/OP_2DUP+OP_MOD+OP_DROP/divmod-preserve/25Bx17B/knuth-d3-quotient-correction/No error: 0.913 s
round 2 case 129/204 gsr-tapscript-v2/OP_RIGHT/OP_2DUP+OP_RIGHT+OP_DROP/splice-preserve/3950000B:end/minimal-offset/No error: 0.298 s
round 2 case 130/204 gsr-tapscript-v2/OP_RSHIFT/OP_2DUP+OP_RSHIFT+OP_DROP/shift-preserve/1KB:1033bits/unaligned/No error: 0.448 s
round 2 case 131/204 gsr-tapscript-v2/OP_MIN/OP_2DUP+OP_MIN+OP_DROP/binary-preserve/1950000Bx1950000B/equal-dense-funded/No error: 0.448 s
round 2 case 132/204 gsr-tapscript-v2/OP_DIV/OP_2DUP+OP_DIV+OP_DROP/divmod-preserve/64KBx64KB/divisor-half-zero-padded/No error: 0.775 s
round 2 case 133/204 gsr-tapscript-v2/OP_MOD/OP_2DUP+OP_MOD+OP_DROP/divmod-crossover/248Bx56B/asymmetric-1/4-add-back/No error: 0.682 s
round 2 case 134/204 gsr-tapscript-v2/OP_MOD/OP_2DUP+OP_MOD+OP_DROP/divmod-preserve/999999Bx999999B/largest-normalized/No error: 0.517 s
round 2 case 135/204 gsr-tapscript-v2/OP_OR/OP_2DUP+OP_OR+OP_DROP/binary-preserve/64KBx1B/asymmetric-long-short/No error: 0.054 s
round 2 case 136/204 gsr-tapscript-v2/OP_MOD/OP_2DUP+OP_MOD+OP_DROP/divmod-preserve/520Bx512B/wide-normalization-top-clear-seed17/No error: 0.732 s
round 2 case 137/204 gsr-tapscript-v2/OP_SUB/OP_2DUP+OP_SUB+OP_DROP/binary-preserve/4Bx4B/padded-low/No error: 1.129 s
round 2 case 138/204 gsr-tapscript-v2/OP_DIV/OP_2DUP+OP_DIV+OP_DROP/divmod-preserve/9Bx1B/small-normalization-boundary/No error: 0.890 s
round 2 case 139/204 gsr-tapscript-v2/OP_AND/OP_2DUP+OP_AND+OP_DROP/binary-preserve/2000000Bx2000000B/equal-dense/No error: 0.361 s
round 2 case 140/204 gsr-tapscript-v2/OP_INVERT/OP_3DUP+OP_INVERT+OP_DROP+OP_INVERT+OP_DROP+OP_INVERT+OP_DROP/unary-preserve-3way/17B/padded-low/No error: 1.238 s
round 2 case 141/204 gsr-tapscript-v2/OP_DIV/OP_2DUP+OP_DIV+OP_DROP/divmod-preserve/17Bx9B/normalization-top-clear/No error: 0.950 s
round 2 case 142/204 gsr-tapscript-v2/OP_RSHIFT/OP_2DUP+OP_RSHIFT+OP_DROP/shift-scale-tail/2000000B:1bit/unaligned/No error: 0.493 s
round 2 case 143/204 gsr-tapscript-v2/OP_MIN/OP_2DUP+OP_MIN+OP_DROP/binary-preserve/4097Bx4097B/equal-padded-low/No error: 0.358 s
round 2 case 144/204 gsr-tapscript-v2/OP_BYTEREV/OP_BYTEREV/byterev-in-place/9B/alternating/No error: 1.288 s
round 2 case 145/204 gsr-tapscript-v2/OP_MOD/6000xOP_2DUP+6000x(OP_MOD+OP_DROP)/divmod-batched-pool/520Bx512B/6000-pairs/wide-normalization-top-clear-seed17/No error: 0.855 s
round 2 case 146/204 gsr-tapscript-v2/OP_2DIV/OP_3DUP+OP_2DIV+OP_DROP+OP_2DIV+OP_DROP+OP_2DIV+OP_DROP/unary-preserve-3way/521B/padded-low/No error: 0.621 s
round 2 case 147/204 gsr-tapscript-v2/OP_SUB/OP_2DUP+OP_SUB+OP_DROP/binary-preserve/2000000Bx2000000B/equal-dense/No error: 0.576 s
round 2 case 148/204 gsr-tapscript-v2/OP_DIV/OP_2DUP+OP_DIV+OP_DROP/divmod-crossover/288Bx18B/asymmetric-sixteenth-top-limb-one/No error: 0.805 s
round 2 case 149/204 gsr-tapscript-v2/OP_RSHIFT/OP_2DUP+OP_RSHIFT+OP_DROP/shift-preserve/1B:31999992bits/byte-aligned/No error: 1.186 s
round 2 case 150/204 gsr-tapscript-v2/OP_RSHIFT/OP_2DUP+OP_RSHIFT+OP_DROP/shift-preserve/330568B:8bits/byte-aligned/No error: 0.115 s
round 2 case 151/204 gsr-tapscript-v2/OP_BYTEREV/OP_BYTEREV/byterev-in-place/16B/alternating/No error: 1.109 s
round 2 case 152/204 gsr-tapscript-v2/OP_2DIV/OP_3DUP+OP_2DIV+OP_DROP+OP_2DIV+OP_DROP+OP_2DIV+OP_DROP/unary-preserve-3way/17B/padded-low/No error: 1.254 s
round 2 case 153/204 gsr-tapscript-v2/OP_MOD/OP_2DUP+OP_MOD+OP_DROP/divmod-crossover/240Bx60B/asymmetric-quarter-top-clear/No error: 0.916 s
round 2 case 154/204 gsr-tapscript-v2/OP_MAX/OP_2DUP+OP_MAX+OP_DROP/binary-preserve/64KBx1B/asymmetric-long-short/No error: 0.079 s
round 2 case 155/204 gsr-tapscript-v2/OP_MOD/OP_2DUP+OP_MOD+OP_DROP/divmod-crossover/232Bx112B/asymmetric-1/2-add-back/No error: 0.766 s
round 2 case 156/204 gsr-tapscript-v2/OP_MAX/OP_2DUP+OP_MAX+OP_DROP/binary-preserve/4Bx4B/padded-low/No error: 1.270 s
round 2 case 157/204 gsr-tapscript-v2/OP_INVERT/OP_3DUP+OP_INVERT+OP_DROP+OP_INVERT+OP_DROP+OP_INVERT+OP_DROP/unary-preserve-3way/521B/padded-low/No error: 0.564 s
round 2 case 158/204 gsr-tapscript-v2/OP_OR/OP_2DUP+OP_OR+OP_DROP/binary-preserve/2000000Bx2000000B/equal-dense/No error: 0.360 s
round 2 case 159/204 gsr-tapscript-v2/OP_DIV/OP_2DUP+OP_DIV+OP_DROP/divmod-crossover/232Bx112B/asymmetric-1/2-add-back/No error: 0.743 s
round 2 case 160/204 gsr-tapscript-v2/OP_BYTEREV/OP_BYTEREV/byterev-in-place/1B/alternating/No error: 1.124 s
round 2 case 161/204 gsr-tapscript-v2/OP_MOD/OP_2DUP+OP_MOD+OP_DROP/divmod-crossover/289Bx18B/asymmetric-sixteenth-top-limb-one/No error: 0.850 s
round 2 case 162/204 gsr-tapscript-v2/OP_LEFT/OP_2DUP+OP_LEFT+OP_DROP/splice-preserve/3950000B:mid/minimal-offset/No error: 0.435 s
round 2 case 163/204 gsr-tapscript-v2/OP_DIV/OP_2DUP+OP_DIV+OP_DROP/divmod-preserve/520Bx512B/wide-normalization-top-one-seed17/No error: 0.725 s
round 2 case 164/204 gsr-tapscript-v2/OP_AND/OP_2DUP+OP_AND+OP_DROP/binary-preserve/1Bx64KB/asymmetric-short-long/No error: 0.091 s
round 2 case 165/204 gsr-tapscript-v2/OP_MOD/OP_2DUP+OP_MOD+OP_DROP/divmod-preserve/520Bx512B/wide-normalization-top-clear-seed127/No error: 0.737 s
round 2 case 166/204 gsr-tapscript-v2/OP_RSHIFT/OP_2DUP+OP_RSHIFT+OP_DROP/shift-preserve/86656B:8bits/byte-aligned/No error: 0.123 s
round 2 case 167/204 gsr-tapscript-v2/OP_SUBSTR/OP_3DUP+OP_SUBSTR+OP_DROP/substr-preserve/3998900B:mid-past-end/padded-lengths/No error: 0.426 s
round 2 case 168/204 gsr-tapscript-v2/OP_DIV/OP_2DUP+OP_DIV+OP_DROP/divmod-preserve/129Bx121B/small-normalization-boundary/No error: 0.846 s
round 2 case 169/204 gsr-tapscript-v2/OP_RSHIFT/OP_2DUP+OP_RSHIFT+OP_DROP/shift-preserve/64KB:524288bits/byte-aligned/No error: 0.089 s
round 2 case 170/204 gsr-tapscript-v2/OP_RSHIFT/OP_2DUP+OP_RSHIFT+OP_DROP/shift-preserve/17B:56bits/byte-aligned/No error: 1.180 s
round 2 case 171/204 gsr-tapscript-v2/OP_MOD/OP_2DUP+OP_MOD+OP_DROP/divmod-scale-tail/64KBx16KB/asymmetric-quarter-add-back/No error: 1.354 s
round 2 case 172/204 gsr-tapscript-v2/OP_MIN/OP_2DUP+OP_MIN+OP_DROP/binary-preserve/4Bx4B/padded-low/No error: 1.272 s
round 2 case 173/204 gsr-tapscript-v2/OP_MOD/OP_2DUP+OP_MOD+OP_DROP/divmod-crossover/289Bx18B/asymmetric-sixteenth-dense/No error: 0.585 s
round 2 case 174/204 gsr-tapscript-v2/OP_RSHIFT/OP_2DUP+OP_RSHIFT+OP_DROP/shift-preserve/64KB:8bits/byte-aligned/No error: 0.098 s
round 2 case 175/204 gsr-tapscript-v2/OP_DIV/OP_2DUP+OP_DIV+OP_DROP/divmod-preserve/16KBx4KB/dividend-half-zero-padded/No error: 0.774 s
round 2 case 176/204 gsr-tapscript-v2/OP_OR/OP_2DUP+OP_OR+OP_DROP/binary-preserve/1Bx1B/equal-dense/No error: 1.077 s
round 2 case 177/204 pre-gsr-tapscript-v1/OP_SUB/OP_2DUP+OP_SUB+OP_DROP/binary-preserve/4Bx4B/padded-low/No error: 0.152 s
round 2 case 178/204 gsr-tapscript-v2/OP_MOD/4096xOP_2DUP+4096x(OP_MOD+OP_DROP)/divmod-batched-pool/520Bx512B/4096-pairs/wide-normalization-top-clear-seed17/No error: 0.834 s
round 2 case 179/204 gsr-tapscript-v2/OP_DIV/OP_2DUP+OP_DIV+OP_DROP/divmod-preserve/26Bx25B/small-normalization-boundary/No error: 1.122 s
round 2 case 180/204 gsr-tapscript-v2/OP_RSHIFT/OP_2DUP+OP_RSHIFT+OP_DROP/shift-crossover/2209B:65bits/unaligned/No error: 0.360 s
round 2 case 181/204 gsr-tapscript-v2/OP_BYTEREV/OP_BYTEREV/byterev-in-place/33B/alternating/No error: 1.011 s
round 2 case 182/204 gsr-tapscript-v2/OP_BYTEREV/OP_BYTEREV/byterev-in-place/1MB/alternating/No error: 0.371 s
round 2 case 183/204 gsr-tapscript-v2/OP_LEFT/OP_2DUP+OP_LEFT+OP_DROP/splice-preserve/3950000B:past-end/padded-offset/No error: 0.435 s
round 2 case 184/204 gsr-tapscript-v2/OP_1SUB/OP_DUP+OP_1SUB+OP_DROP/unary-preserve-single/4000000B/late-nonzero/No error: 0.462 s
round 2 case 185/204 gsr-tapscript-v2/OP_BYTEREV/OP_BYTEREV/byterev-in-place/8B/alternating/No error: 1.349 s
round 2 case 186/204 gsr-tapscript-v2/OP_MOD/OP_2DUP+OP_MOD+OP_DROP/divmod-preserve/64KBx64KB/divisor-half-zero-padded/No error: 0.776 s
round 2 case 187/204 gsr-tapscript-v2/OP_1SUB/OP_3DUP+OP_1SUB+OP_DROP+OP_1SUB+OP_DROP+OP_1SUB+OP_DROP/unary-preserve-3way/521B/padded-low/No error: 0.629 s
round 2 case 188/204 gsr-tapscript-v2/OP_DIV/OP_2DUP+OP_DIV+OP_DROP/divmod-preserve/520Bx512B/wide-normalization-top-clear-seed127/No error: 0.721 s
round 2 case 189/204 gsr-tapscript-v2/OP_RIGHT/OP_2DUP+OP_RIGHT+OP_DROP/splice-preserve/3950000B:zero/minimal-offset/No error: 0.440 s
round 2 case 190/204 gsr-tapscript-v2/OP_DIV/OP_2DUP+OP_DIV+OP_DROP/divmod-crossover/337Bx1B/asymmetric-one-byte/No error: 0.732 s
round 2 case 191/204 gsr-tapscript-v2/OP_BYTEREV/OP_BYTEREV/byterev-in-place/4000000B/alternating/No error: 0.425 s
round 2 case 192/204 gsr-tapscript-v2/OP_RIGHT/OP_2DUP+OP_RIGHT+OP_DROP/splice-preserve/3950000B:below-mid/minimal-offset/No error: 0.521 s
round 2 case 193/204 gsr-tapscript-v2/OP_RSHIFT/OP_2DUP+OP_RSHIFT+OP_DROP/shift-preserve/256KB:8bits/byte-aligned/No error: 0.117 s
round 2 case 194/204 gsr-tapscript-v2/OP_1SUB/OP_3DUP+OP_1SUB+OP_DROP+OP_1SUB+OP_DROP+OP_1SUB+OP_DROP/unary-crossover-3way/1769B/padded-low/No error: 0.330 s
round 2 case 195/204 gsr-tapscript-v2/OP_XOR/OP_2DUP+OP_XOR+OP_DROP/binary-preserve/64KBx1B/asymmetric-long-short/No error: 0.053 s
round 2 case 196/204 gsr-tapscript-v2/OP_MAX/OP_2DUP+OP_MAX+OP_DROP/binary-preserve/4097Bx4097B/equal-padded-low/No error: 0.358 s
round 2 case 197/204 gsr-tapscript-v2/OP_DIV/6000xOP_2DUP+6000x(OP_DIV+OP_DROP)/divmod-batched-pool/520Bx512B/6000-pairs/wide-normalization-top-clear-seed17/No error: 0.849 s
round 2 case 198/204 gsr-tapscript-v2/OP_MAX/OP_2DUP+OP_MAX+OP_DROP/binary-preserve/1950000Bx1950000B/equal-dense-funded/No error: 0.499 s
round 2 case 199/204 gsr-tapscript-v2/OP_MIN/OP_2DUP+OP_MIN+OP_DROP/binary-preserve/2000000Bx2000000B/equal-padded-low/No error: 0.654 s
round 2 case 200/204 gsr-tapscript-v2/OP_BYTEREV/OP_BYTEREV/byterev-in-place/17B/alternating/No error: 1.076 s
round 2 case 201/204 pre-gsr-tapscript-v1/OP_MIN/OP_2DUP+OP_MIN+OP_DROP/binary-preserve/4Bx4B/padded-low/No error: 0.152 s
round 2 case 202/204 gsr-tapscript-v2/OP_DIV/OP_2DUP+OP_DIV+OP_DROP/divmod-preserve/113Bx57B/small-normalization-boundary/No error: 0.905 s
round 2 case 203/204 gsr-tapscript-v2/OP_MIN/OP_2DUP+OP_MIN+OP_DROP/binary-preserve/64KBx1B/asymmetric-long-short/No error: 0.087 s
round 2 case 204/204 gsr-tapscript-v2/OP_MOD/256xOP_2DUP+256x(OP_MOD+OP_DROP)/divmod-batched-pool/520Bx512B/256-pairs/wide-normalization-top-clear-seed17/No error: 0.740 s
Stable measurement: round 2/3 complete
round 3 case 1/204 gsr-tapscript-v2/OP_MOD/OP_2DUP+OP_MOD+OP_DROP/divmod-crossover/241Bx60B/asymmetric-quarter-top-clear/No error: 0.891 s
round 3 case 2/204 gsr-tapscript-v2/OP_BYTEREV/OP_BYTEREV/byterev-in-place/1MB/alternating/No error: 0.374 s
round 3 case 3/204 gsr-tapscript-v2/OP_RSHIFT/OP_2DUP+OP_RSHIFT+OP_DROP/shift-preserve/1KB:1033bits/unaligned/No error: 0.449 s
round 3 case 4/204 gsr-tapscript-v2/OP_MOD/OP_2DUP+OP_MOD+OP_DROP/divmod-preserve/64KBx64KB/divisor-half-zero-padded/No error: 0.777 s
round 3 case 5/204 gsr-tapscript-v2/OP_MOD/OP_2DUP+OP_MOD+OP_DROP/divmod-preserve/9Bx1B/small-normalization-boundary/No error: 0.890 s
round 3 case 6/204 gsr-tapscript-v2/OP_MOD/OP_2DUP+OP_MOD+OP_DROP/divmod-preserve/34Bx17B/small-normalization-boundary/No error: 0.927 s
round 3 case 7/204 gsr-tapscript-v2/OP_MIN/OP_2DUP+OP_MIN+OP_DROP/binary-preserve/255Bx255B/equal-padded-low/No error: 0.825 s
round 3 case 8/204 gsr-tapscript-v2/OP_DIV/OP_2DUP+OP_DIV+OP_DROP/divmod-scale-tail/64KBx16KB/asymmetric-quarter-add-back/No error: 1.353 s
round 3 case 9/204 gsr-tapscript-v2/OP_SUB/OP_2DUP+OP_SUB+OP_DROP/binary-preserve/1Bx64KB/asymmetric-short-long/No error: 0.137 s
round 3 case 10/204 gsr-tapscript-v2/OP_MOD/OP_2DUP+OP_MOD+OP_DROP/divmod-crossover/288Bx24B/asymmetric-1/16-add-back/No error: 0.589 s
round 3 case 11/204 gsr-tapscript-v2/OP_MOD/OP_2DUP+OP_MOD+OP_DROP/divmod-preserve/520Bx512B/wide-normalization-top-clear-seed17/No error: 0.734 s
round 3 case 12/204 gsr-tapscript-v2/OP_DIV/OP_2DUP+OP_DIV+OP_DROP/divmod-crossover/240Bx60B/asymmetric-quarter-dense/No error: 0.388 s
round 3 case 13/204 gsr-tapscript-v2/OP_RSHIFT/OP_2DUP+OP_RSHIFT+OP_DROP/shift-preserve/1KB:8bits/byte-aligned/No error: 0.333 s
round 3 case 14/204 gsr-tapscript-v2/OP_RSHIFT/OP_2DUP+OP_RSHIFT+OP_DROP/shift-crossover/2208B:8bits/byte-aligned/No error: 0.210 s
round 3 case 15/204 gsr-tapscript-v2/OP_SUB/OP_2DUP+OP_SUB+OP_DROP/binary-preserve/2000000Bx2000000B/equal-dense/No error: 0.467 s
round 3 case 16/204 gsr-tapscript-v2/OP_AND/OP_2DUP+OP_AND+OP_DROP/binary-preserve/2000000Bx2000000B/equal-dense/No error: 0.245 s
round 3 case 17/204 gsr-tapscript-v2/OP_DIV/OP_2DUP+OP_DIV+OP_DROP/divmod-crossover/256Bx64B/asymmetric-1/4-add-back/No error: 0.679 s
round 3 case 18/204 gsr-tapscript-v2/OP_MIN/OP_2DUP+OP_MIN+OP_DROP/binary-preserve/1950000Bx1950000B/equal-padded-low-funded/No error: 0.428 s
round 3 case 19/204 gsr-tapscript-v2/OP_BYTEREV/OP_BYTEREV/byterev-in-place/1B/alternating/No error: 1.126 s
round 3 case 20/204 gsr-tapscript-v2/OP_RIGHT/OP_2DUP+OP_RIGHT+OP_DROP/splice-preserve/3950000B:one/minimal-offset/No error: 0.433 s
round 3 case 21/204 gsr-tapscript-v2/OP_DIV/4096xOP_2DUP+4096x(OP_DIV+OP_DROP)/divmod-batched-pool/520Bx512B/4096-pairs/wide-normalization-top-clear-seed17/No error: 0.827 s
round 3 case 22/204 gsr-tapscript-v2/OP_MAX/OP_2DUP+OP_MAX+OP_DROP/binary-preserve/1250Bx1250B/equal-padded-low/No error: 0.523 s
round 3 case 23/204 gsr-tapscript-v2/OP_MIN/OP_2DUP+OP_MIN+OP_DROP/binary-preserve/4097Bx4097B/equal-padded-low/No error: 0.365 s
round 3 case 24/204 gsr-tapscript-v2/OP_RIGHT/OP_2DUP+OP_RIGHT+OP_DROP/splice-preserve/3950000B:end/minimal-offset/No error: 0.296 s
round 3 case 25/204 gsr-tapscript-v2/OP_MOD/OP_2DUP+OP_MOD+OP_DROP/divmod-preserve/1000001Bx1000001B/largest-normalized/No error: 0.561 s
round 3 case 26/204 gsr-tapscript-v2/OP_DIV/OP_2DUP+OP_DIV+OP_DROP/divmod-crossover/288Bx18B/asymmetric-sixteenth-top-limb-one/No error: 0.805 s
round 3 case 27/204 gsr-tapscript-v2/OP_2DIV/OP_3DUP+OP_2DIV+OP_DROP+OP_2DIV+OP_DROP+OP_2DIV+OP_DROP/unary-preserve-3way/521B/padded-low/No error: 0.628 s
round 3 case 28/204 gsr-tapscript-v2/OP_LEFT/OP_2DUP+OP_LEFT+OP_DROP/splice-preserve/3950000B:end/minimal-offset/No error: 0.429 s
round 3 case 29/204 gsr-tapscript-v2/OP_MAX/OP_2DUP+OP_MAX+OP_DROP/binary-preserve/120Bx120B/equal-padded-low/No error: 0.987 s
round 3 case 30/204 gsr-tapscript-v2/OP_MOD/OP_2DUP+OP_MOD+OP_DROP/divmod-preserve/18Bx9B/small-normalization-boundary/No error: 0.939 s
round 3 case 31/204 gsr-tapscript-v2/OP_XOR/OP_2DUP+OP_XOR+OP_DROP/binary-preserve/2000000Bx2000000B/equal-dense/No error: 0.249 s
round 3 case 32/204 gsr-tapscript-v2/OP_INVERT/OP_3DUP+OP_INVERT+OP_DROP+OP_INVERT+OP_DROP+OP_INVERT+OP_DROP/unary-preserve-3way/521B/padded-low/No error: 0.543 s
round 3 case 33/204 gsr-tapscript-v2/OP_DIV/OP_2DUP+OP_DIV+OP_DROP/divmod-preserve/64KBx64KB/divisor-half-zero-padded/No error: 0.775 s
round 3 case 34/204 gsr-tapscript-v2/OP_1SUB/OP_3DUP+OP_1SUB+OP_DROP+OP_1SUB+OP_DROP+OP_1SUB+OP_DROP/unary-preserve-3way/4B/padded-low/No error: 1.261 s
round 3 case 35/204 gsr-tapscript-v2/OP_BYTEREV/OP_BYTEREV/byterev-in-place/17B/alternating/No error: 1.075 s
round 3 case 36/204 gsr-tapscript-v2/OP_LEFT/OP_2DUP+OP_LEFT+OP_DROP/splice-preserve/3950000B:mid/minimal-offset/No error: 0.428 s
round 3 case 37/204 gsr-tapscript-v2/OP_DIV/OP_2DUP+OP_DIV+OP_DROP/divmod-preserve/999999Bx999999B/largest-normalized/No error: 0.467 s
round 3 case 38/204 gsr-tapscript-v2/OP_LEFT/OP_2DUP+OP_LEFT+OP_DROP/splice-preserve/3950000B:one/minimal-offset/No error: 0.424 s
round 3 case 39/204 gsr-tapscript-v2/OP_MOD/OP_2DUP+OP_MOD+OP_DROP/divmod-scale-tail/64KBx16KB/asymmetric-quarter-add-back/No error: 1.352 s
round 3 case 40/204 gsr-tapscript-v2/OP_MOD/OP_2DUP+OP_MOD+OP_DROP/divmod-preserve/520Bx512B/wide-normalization-top-one-seed17/No error: 0.730 s
round 3 case 41/204 gsr-tapscript-v2/OP_RSHIFT/OP_2DUP+OP_RSHIFT+OP_DROP/shift-preserve/64KB:524288bits/byte-aligned/No error: 0.090 s
round 3 case 42/204 gsr-tapscript-v2/OP_MAX/OP_2DUP+OP_MAX+OP_DROP/binary-preserve/2000000Bx2000000B/equal-dense/No error: 0.328 s
round 3 case 43/204 gsr-tapscript-v2/OP_DIV/OP_2DUP+OP_DIV+OP_DROP/divmod-preserve/1000000Bx1000000B/largest-normalized/No error: 0.466 s
round 3 case 44/204 gsr-tapscript-v2/OP_RSHIFT/OP_2DUP+OP_RSHIFT+OP_DROP/shift-preserve/1B:1bits/unaligned/No error: 1.087 s
round 3 case 45/204 gsr-tapscript-v2/OP_MOD/OP_2DUP+OP_MOD+OP_DROP/divmod-preserve/16KBx16KB/divisor-half-zero-padded/No error: 0.777 s
round 3 case 46/204 gsr-tapscript-v2/OP_SUBSTR/OP_3DUP+OP_SUBSTR+OP_DROP/substr-preserve/3998900B:one-mid/minimal-lengths/No error: 0.391 s
round 3 case 47/204 gsr-tapscript-v2/OP_INVERT/OP_3DUP+OP_INVERT+OP_DROP+OP_INVERT+OP_DROP+OP_INVERT+OP_DROP/unary-preserve-3way/17B/padded-low/No error: 1.237 s
round 3 case 48/204 gsr-tapscript-v2/OP_RIGHT/OP_2DUP+OP_RIGHT+OP_DROP/splice-preserve/3950000B:past-end/padded-offset/No error: 0.296 s
round 3 case 49/204 gsr-tapscript-v2/OP_MOD/OP_2DUP+OP_MOD+OP_DROP/divmod-preserve/8Bx16B/dividend-smaller/No error: 0.808 s
round 3 case 50/204 gsr-tapscript-v2/OP_BYTEREV/OP_BYTEREV/byterev-in-place/33B/alternating/No error: 1.010 s
round 3 case 51/204 gsr-tapscript-v2/OP_MAX/OP_2DUP+OP_MAX+OP_DROP/binary-preserve/4097Bx4097B/equal-padded-low/No error: 0.358 s
round 3 case 52/204 gsr-tapscript-v2/OP_XOR/OP_2DUP+OP_XOR+OP_DROP/binary-preserve/1Bx1B/equal-dense/No error: 1.087 s
round 3 case 53/204 gsr-tapscript-v2/OP_DIV/OP_2DUP+OP_DIV+OP_DROP/divmod-preserve/1000001Bx1000001B/largest-normalized/No error: 0.464 s
round 3 case 54/204 gsr-tapscript-v2/OP_DIV/OP_2DUP+OP_DIV+OP_DROP/divmod-preserve/32Bx24B/knuth-d6-add-back/No error: 1.006 s
round 3 case 55/204 gsr-tapscript-v2/OP_MOD/OP_2DUP+OP_MOD+OP_DROP/divmod-preserve/129Bx121B/small-normalization-boundary/No error: 0.788 s
round 3 case 56/204 gsr-tapscript-v2/OP_LEFT/OP_2DUP+OP_LEFT+OP_DROP/splice-preserve/3950000B:below-mid/minimal-offset/No error: 0.512 s
round 3 case 57/204 gsr-tapscript-v2/OP_MAX/OP_2DUP+OP_MAX+OP_DROP/binary-preserve/511Bx511B/equal-padded-low/No error: 0.825 s
round 3 case 58/204 gsr-tapscript-v2/OP_DIV/OP_2DUP+OP_DIV+OP_DROP/divmod-crossover/288Bx18B/asymmetric-sixteenth-dense/No error: 0.558 s
round 3 case 59/204 gsr-tapscript-v2/OP_DIV/OP_2DUP+OP_DIV+OP_DROP/divmod-crossover/232Bx112B/asymmetric-1/2-add-back/No error: 0.743 s
round 3 case 60/204 gsr-tapscript-v2/OP_MAX/OP_2DUP+OP_MAX+OP_DROP/binary-preserve/4Bx4B/padded-low/No error: 1.272 s
round 3 case 61/204 gsr-tapscript-v2/OP_AND/OP_2DUP+OP_AND+OP_DROP/binary-preserve/1Bx64KB/asymmetric-short-long/No error: 0.086 s
round 3 case 62/204 gsr-tapscript-v2/OP_AND/OP_2DUP+OP_AND+OP_DROP/binary-preserve/1Bx1B/equal-dense/No error: 1.079 s
round 3 case 63/204 gsr-tapscript-v2/OP_BYTEREV/OP_BYTEREV/byterev-in-place/520B/alternating/No error: 0.604 s
round 3 case 64/204 gsr-tapscript-v2/OP_MOD/OP_2DUP+OP_MOD+OP_DROP/divmod-crossover/336Bx1B/asymmetric-one-byte/No error: 0.757 s
round 3 case 65/204 gsr-tapscript-v2/OP_MOD/OP_2DUP+OP_MOD+OP_DROP/divmod-crossover/289Bx18B/asymmetric-sixteenth-top-limb-one/No error: 0.864 s
round 3 case 66/204 gsr-tapscript-v2/OP_1SUB/OP_3DUP+OP_1SUB+OP_DROP+OP_1SUB+OP_DROP+OP_1SUB+OP_DROP/unary-crossover-3way/1768B/padded-low/No error: 0.327 s
round 3 case 67/204 gsr-tapscript-v2/OP_MOD/OP_2DUP+OP_MOD+OP_DROP/divmod-crossover/241Bx60B/asymmetric-quarter-dense/No error: 0.430 s
round 3 case 68/204 gsr-tapscript-v2/OP_2DIV/OP_DUP+OP_2DIV+OP_DROP/unary-preserve-single/4000000B/late-nonzero/No error: 0.479 s
round 3 case 69/204 gsr-tapscript-v2/OP_DIV/OP_2DUP+OP_DIV+OP_DROP/divmod-preserve/1Bx1B/normalization-short/No error: 0.909 s
round 3 case 70/204 pre-gsr-tapscript-v1/OP_SUB/OP_2DUP+OP_SUB+OP_DROP/binary-preserve/4Bx4B/padded-low/No error: 0.152 s
round 3 case 71/204 gsr-tapscript-v2/OP_DIV/OP_2DUP+OP_DIV+OP_DROP/divmod-crossover/289Bx18B/asymmetric-sixteenth-top-limb-one/No error: 0.854 s
round 3 case 72/204 gsr-tapscript-v2/OP_1SUB/OP_3DUP+OP_1SUB+OP_DROP+OP_1SUB+OP_DROP+OP_1SUB+OP_DROP/unary-crossover-3way/1769B/padded-low/No error: 0.331 s
round 3 case 73/204 gsr-tapscript-v2/OP_MOD/OP_2DUP+OP_MOD+OP_DROP/divmod-preserve/16KBx4KB/dividend-half-zero-padded/No error: 0.774 s
round 3 case 74/204 gsr-tapscript-v2/OP_MOD/OP_2DUP+OP_MOD+OP_DROP/divmod-preserve/1Bx1B/normalization-short/No error: 0.902 s
round 3 case 75/204 gsr-tapscript-v2/OP_BYTEREV/OP_BYTEREV/byterev-in-place/15B/alternating/No error: 1.483 s
round 3 case 76/204 gsr-tapscript-v2/OP_MIN/OP_2DUP+OP_MIN+OP_DROP/binary-preserve/1Bx64KB/asymmetric-short-long/No error: 0.071 s
round 3 case 77/204 gsr-tapscript-v2/OP_DIV/OP_2DUP+OP_DIV+OP_DROP/divmod-preserve/520Bx512B/wide-normalization-top-clear-seed127/No error: 0.705 s
round 3 case 78/204 gsr-tapscript-v2/OP_MOD/OP_2DUP+OP_MOD+OP_DROP/divmod-scale-tail/64KBx16KB/asymmetric-quarter-top-clear/No error: 0.777 s
round 3 case 79/204 pre-gsr-tapscript-v1/OP_MAX/OP_2DUP+OP_MAX+OP_DROP/binary-preserve/4Bx4B/padded-low/No error: 0.154 s
round 3 case 80/204 gsr-tapscript-v2/OP_BYTEREV/OP_BYTEREV/byterev-in-place/7B/alternating/No error: 1.292 s
round 3 case 81/204 gsr-tapscript-v2/OP_MOD/OP_2DUP+OP_MOD+OP_DROP/divmod-preserve/32Bx24B/knuth-d6-add-back/No error: 0.857 s
round 3 case 82/204 gsr-tapscript-v2/OP_2DIV/OP_DUP+OP_2DIV+OP_DROP/unary-preserve-single/4000000B/padded-low/No error: 0.307 s
round 3 case 83/204 gsr-tapscript-v2/OP_MOD/OP_2DUP+OP_MOD+OP_DROP/divmod-preserve/65Bx57B/small-normalization-boundary/No error: 0.883 s
round 3 case 84/204 gsr-tapscript-v2/OP_SUBSTR/OP_3DUP+OP_SUBSTR+OP_DROP/substr-preserve/3998900B:zero-one/minimal-lengths/No error: 0.428 s
round 3 case 85/204 gsr-tapscript-v2/OP_DIV/OP_2DUP+OP_DIV+OP_DROP/divmod-preserve/113Bx57B/small-normalization-boundary/No error: 0.888 s
round 3 case 86/204 gsr-tapscript-v2/OP_MAX/OP_2DUP+OP_MAX+OP_DROP/binary-preserve/1950000Bx1950000B/equal-dense-funded/No error: 0.293 s
round 3 case 87/204 gsr-tapscript-v2/OP_DIV/OP_2DUP+OP_DIV+OP_DROP/divmod-preserve/520Bx512B/wide-normalization-top-clear-seed17/No error: 0.706 s
round 3 case 88/204 gsr-tapscript-v2/OP_OR/OP_2DUP+OP_OR+OP_DROP/binary-preserve/1Bx64KB/asymmetric-short-long/No error: 0.052 s
round 3 case 89/204 gsr-tapscript-v2/OP_DIV/OP_2DUP+OP_DIV+OP_DROP/divmod-crossover/337Bx1B/asymmetric-one-byte/No error: 0.738 s
round 3 case 90/204 gsr-tapscript-v2/OP_RIGHT/OP_2DUP+OP_RIGHT+OP_DROP/splice-preserve/3950000B:zero/minimal-offset/No error: 0.422 s
round 3 case 91/204 gsr-tapscript-v2/OP_DIV/OP_2DUP+OP_DIV+OP_DROP/divmod-preserve/18Bx9B/small-normalization-boundary/No error: 0.951 s
round 3 case 92/204 gsr-tapscript-v2/OP_2DIV/OP_3DUP+OP_2DIV+OP_DROP+OP_2DIV+OP_DROP+OP_2DIV+OP_DROP/unary-crossover-3way/1768B/padded-low/No error: 0.354 s
round 3 case 93/204 gsr-tapscript-v2/OP_DIV/OP_2DUP+OP_DIV+OP_DROP/divmod-preserve/520Bx512B/wide-normalization-top-one-seed17/No error: 0.702 s
round 3 case 94/204 gsr-tapscript-v2/OP_DIV/OP_2DUP+OP_DIV+OP_DROP/divmod-preserve/57Bx57B/small-normalization-boundary/No error: 1.031 s
round 3 case 95/204 gsr-tapscript-v2/OP_RSHIFT/OP_2DUP+OP_RSHIFT+OP_DROP/shift-crossover/2209B:65bits/unaligned/No error: 0.358 s
round 3 case 96/204 gsr-tapscript-v2/OP_DIV/OP_2DUP+OP_DIV+OP_DROP/divmod-crossover/336Bx1B/asymmetric-one-byte/No error: 0.736 s
round 3 case 97/204 gsr-tapscript-v2/OP_MOD/OP_2DUP+OP_MOD+OP_DROP/divmod-preserve/520Bx512B/wide-normalization-top-clear-seed127/No error: 0.711 s
round 3 case 98/204 gsr-tapscript-v2/OP_DIV/OP_2DUP+OP_DIV+OP_DROP/divmod-preserve/9Bx1B/small-normalization-boundary/No error: 0.893 s
round 3 case 99/204 gsr-tapscript-v2/OP_DIV/OP_2DUP+OP_DIV+OP_DROP/divmod-crossover/296Bx24B/asymmetric-1/16-add-back/No error: 0.574 s
round 3 case 100/204 gsr-tapscript-v2/OP_MOD/OP_2DUP+OP_MOD+OP_DROP/divmod-crossover/337Bx1B/asymmetric-one-byte/No error: 0.758 s
round 3 case 101/204 gsr-tapscript-v2/OP_MOD/OP_2DUP+OP_MOD+OP_DROP/divmod-preserve/25Bx17B/knuth-d3-quotient-correction/No error: 0.909 s
round 3 case 102/204 gsr-tapscript-v2/OP_RSHIFT/OP_2DUP+OP_RSHIFT+OP_DROP/shift-preserve/256KB:8bits/byte-aligned/No error: 0.119 s
round 3 case 103/204 gsr-tapscript-v2/OP_DIV/OP_2DUP+OP_DIV+OP_DROP/divmod-preserve/25Bx17B/knuth-d3-quotient-correction/No error: 1.052 s
round 3 case 104/204 gsr-tapscript-v2/OP_INVERT/OP_DUP+OP_INVERT+OP_DROP/unary-preserve-single/4000000B/late-nonzero/No error: 0.306 s
round 3 case 105/204 gsr-tapscript-v2/OP_DIV/OP_2DUP+OP_DIV+OP_DROP/divmod-crossover/289Bx18B/asymmetric-sixteenth-dense/No error: 0.577 s
round 3 case 106/204 gsr-tapscript-v2/OP_MAX/OP_2DUP+OP_MAX+OP_DROP/binary-preserve/2000000Bx2000000B/equal-padded-low/No error: 0.442 s
round 3 case 107/204 gsr-tapscript-v2/OP_RSHIFT/OP_2DUP+OP_RSHIFT+OP_DROP/shift-preserve/64KB:8bits/byte-aligned/No error: 0.098 s
round 3 case 108/204 gsr-tapscript-v2/OP_BYTEREV/OP_BYTEREV/byterev-in-place/9B/alternating/No error: 1.288 s
round 3 case 109/204 gsr-tapscript-v2/OP_DIV/OP_2DUP+OP_DIV+OP_DROP/divmod-crossover/240Bx60B/asymmetric-quarter-top-clear/No error: 0.880 s
round 3 case 110/204 gsr-tapscript-v2/OP_DIV/OP_2DUP+OP_DIV+OP_DROP/divmod-preserve/34Bx17B/small-normalization-boundary/No error: 0.926 s
round 3 case 111/204 gsr-tapscript-v2/OP_XOR/OP_2DUP+OP_XOR+OP_DROP/binary-preserve/64KBx1B/asymmetric-long-short/No error: 0.054 s
round 3 case 112/204 gsr-tapscript-v2/OP_DIV/OP_2DUP+OP_DIV+OP_DROP/divmod-crossover/241Bx60B/asymmetric-quarter-dense/No error: 0.388 s
round 3 case 113/204 gsr-tapscript-v2/OP_MOD/OP_2DUP+OP_MOD+OP_DROP/divmod-preserve/113Bx57B/small-normalization-boundary/No error: 0.892 s
round 3 case 114/204 gsr-tapscript-v2/OP_RSHIFT/OP_2DUP+OP_RSHIFT+OP_DROP/shift-crossover/2208B:65bits/unaligned/No error: 0.351 s
round 3 case 115/204 gsr-tapscript-v2/OP_MIN/OP_2DUP+OP_MIN+OP_DROP/binary-preserve/2000000Bx2000000B/equal-dense/No error: 0.308 s
round 3 case 116/204 gsr-tapscript-v2/OP_MOD/OP_2DUP+OP_MOD+OP_DROP/divmod-crossover/288Bx18B/asymmetric-sixteenth-dense/No error: 0.567 s
round 3 case 117/204 gsr-tapscript-v2/OP_RSHIFT/OP_2DUP+OP_RSHIFT+OP_DROP/shift-preserve/1KB:1032bits/byte-aligned/No error: 0.331 s
round 3 case 118/204 gsr-tapscript-v2/OP_DIV/OP_2DUP+OP_DIV+OP_DROP/divmod-preserve/25Bx24B/small-normalization-boundary/No error: 1.032 s
round 3 case 119/204 gsr-tapscript-v2/OP_DIV/OP_2DUP+OP_DIV+OP_DROP/divmod-preserve/8Bx16B/dividend-smaller/No error: 0.829 s
round 3 case 120/204 gsr-tapscript-v2/OP_SUB/OP_2DUP+OP_SUB+OP_DROP/binary-preserve/64KBx1B/asymmetric-long-short/No error: 0.183 s
round 3 case 121/204 gsr-tapscript-v2/OP_BYTEREV/OP_BYTEREV/byterev-in-place/8B/alternating/No error: 1.419 s
round 3 case 122/204 gsr-tapscript-v2/OP_MOD/OP_2DUP+OP_MOD+OP_DROP/divmod-preserve/57Bx57B/small-normalization-boundary/No error: 0.916 s
round 3 case 123/204 gsr-tapscript-v2/OP_RIGHT/OP_2DUP+OP_RIGHT+OP_DROP/splice-preserve/3950000B:quarter/minimal-offset/No error: 0.481 s
round 3 case 124/204 gsr-tapscript-v2/OP_DIV/OP_2DUP+OP_DIV+OP_DROP/divmod-preserve/520Bx512B/wide-normalization-top-one-seed127/No error: 0.704 s
round 3 case 125/204 gsr-tapscript-v2/OP_2DIV/OP_3DUP+OP_2DIV+OP_DROP+OP_2DIV+OP_DROP+OP_2DIV+OP_DROP/unary-crossover-3way/1769B/padded-low/No error: 0.360 s
round 3 case 126/204 gsr-tapscript-v2/OP_BYTEREV/OP_BYTEREV/byterev-in-place/64KB/alternating/No error: 0.363 s
round 3 case 127/204 gsr-tapscript-v2/OP_MOD/4096xOP_2DUP+4096x(OP_MOD+OP_DROP)/divmod-batched-pool/520Bx512B/4096-pairs/wide-normalization-top-clear-seed17/No error: 0.868 s
round 3 case 128/204 gsr-tapscript-v2/OP_MOD/OP_2DUP+OP_MOD+OP_DROP/divmod-preserve/26Bx25B/small-normalization-boundary/No error: 0.969 s
round 3 case 129/204 gsr-tapscript-v2/OP_MOD/OP_2DUP+OP_MOD+OP_DROP/divmod-crossover/240Bx120B/asymmetric-1/2-add-back/No error: 0.743 s
round 3 case 130/204 gsr-tapscript-v2/OP_MOD/OP_2DUP+OP_MOD+OP_DROP/divmod-preserve/34Bx17B/normalization-top-byte-one/No error: 1.064 s
round 3 case 131/204 gsr-tapscript-v2/OP_DIV/OP_2DUP+OP_DIV+OP_DROP/divmod-preserve/65Bx57B/small-normalization-boundary/No error: 0.974 s
round 3 case 132/204 gsr-tapscript-v2/OP_BYTEREV/OP_BYTEREV/byterev-in-place/4KB/alternating/No error: 0.406 s
round 3 case 133/204 gsr-tapscript-v2/OP_RSHIFT/OP_2DUP+OP_RSHIFT+OP_DROP/shift-preserve/17B:9bits/unaligned/No error: 1.087 s
round 3 case 134/204 gsr-tapscript-v2/OP_DIV/OP_2DUP+OP_DIV+OP_DROP/divmod-preserve/34Bx17B/normalization-top-byte-one/No error: 0.935 s
round 3 case 135/204 gsr-tapscript-v2/OP_MIN/OP_2DUP+OP_MIN+OP_DROP/binary-preserve/64KBx1B/asymmetric-long-short/No error: 0.074 s
round 3 case 136/204 gsr-tapscript-v2/OP_MOD/OP_2DUP+OP_MOD+OP_DROP/divmod-preserve/64KBx16KB/dividend-half-zero-padded/No error: 0.775 s
round 3 case 137/204 gsr-tapscript-v2/OP_RSHIFT/OP_2DUP+OP_RSHIFT+OP_DROP/shift-preserve/17B:56bits/byte-aligned/No error: 1.182 s
round 3 case 138/204 gsr-tapscript-v2/OP_INVERT/OP_3DUP+OP_INVERT+OP_DROP+OP_INVERT+OP_DROP+OP_INVERT+OP_DROP/unary-crossover-3way/1769B/padded-low/No error: 0.231 s
round 3 case 139/204 gsr-tapscript-v2/OP_MAX/OP_2DUP+OP_MAX+OP_DROP/binary-preserve/1Bx64KB/asymmetric-short-long/No error: 0.075 s
round 3 case 140/204 gsr-tapscript-v2/OP_OR/OP_2DUP+OP_OR+OP_DROP/binary-preserve/2000000Bx2000000B/equal-dense/No error: 0.363 s
round 3 case 141/204 pre-gsr-tapscript-v1/OP_1SUB/OP_3DUP+OP_1SUB+OP_DROP+OP_1SUB+OP_DROP+OP_1SUB+OP_DROP/unary-preserve-3way/4B/padded-low/No error: 0.104 s
round 3 case 142/204 gsr-tapscript-v2/OP_DIV/OP_2DUP+OP_DIV+OP_DROP/divmod-crossover/240Bx120B/asymmetric-1/2-add-back/No error: 0.748 s
round 3 case 143/204 gsr-tapscript-v2/OP_MIN/OP_2DUP+OP_MIN+OP_DROP/binary-preserve/1250Bx1250B/equal-padded-low/No error: 0.495 s
round 3 case 144/204 gsr-tapscript-v2/OP_MOD/OP_2DUP+OP_MOD+OP_DROP/divmod-crossover/296Bx24B/asymmetric-1/16-add-back/No error: 0.582 s
round 3 case 145/204 gsr-tapscript-v2/OP_OR/OP_2DUP+OP_OR+OP_DROP/binary-preserve/1Bx1B/equal-dense/No error: 1.074 s
round 3 case 146/204 gsr-tapscript-v2/OP_2DIV/OP_3DUP+OP_2DIV+OP_DROP+OP_2DIV+OP_DROP+OP_2DIV+OP_DROP/unary-preserve-3way/17B/padded-low/No error: 1.269 s
round 3 case 147/204 gsr-tapscript-v2/OP_LEFT/OP_2DUP+OP_LEFT+OP_DROP/splice-preserve/3950000B:zero/minimal-offset/No error: 0.452 s
round 3 case 148/204 gsr-tapscript-v2/OP_MIN/OP_2DUP+OP_MIN+OP_DROP/binary-preserve/2000000Bx2000000B/equal-padded-low/No error: 0.577 s
round 3 case 149/204 gsr-tapscript-v2/OP_MOD/OP_2DUP+OP_MOD+OP_DROP/divmod-crossover/289Bx18B/asymmetric-sixteenth-dense/No error: 0.584 s
round 3 case 150/204 gsr-tapscript-v2/OP_RIGHT/OP_2DUP+OP_RIGHT+OP_DROP/splice-preserve/3950000B:below-mid/minimal-offset/No error: 0.524 s
round 3 case 151/204 gsr-tapscript-v2/OP_1SUB/OP_DUP+OP_1SUB+OP_DROP/unary-preserve-single/4000000B/late-nonzero/No error: 0.477 s
round 3 case 152/204 gsr-tapscript-v2/OP_DIV/OP_2DUP+OP_DIV+OP_DROP/divmod-preserve/16KBx16KB/divisor-half-zero-padded/No error: 0.777 s
round 3 case 153/204 gsr-tapscript-v2/OP_DIV/OP_2DUP+OP_DIV+OP_DROP/divmod-crossover/288Bx24B/asymmetric-1/16-add-back/No error: 0.565 s
round 3 case 154/204 gsr-tapscript-v2/OP_RSHIFT/OP_2DUP+OP_RSHIFT+OP_DROP/shift-preserve/135000B:8bits/byte-aligned/No error: 0.131 s
round 3 case 155/204 gsr-tapscript-v2/OP_DIV/OP_2DUP+OP_DIV+OP_DROP/divmod-scale-tail/64KBx16KB/asymmetric-quarter-top-clear/No error: 0.776 s
round 3 case 156/204 gsr-tapscript-v2/OP_MAX/OP_2DUP+OP_MAX+OP_DROP/binary-preserve/255Bx255B/equal-padded-low/No error: 0.825 s
round 3 case 157/204 gsr-tapscript-v2/OP_DIV/OP_2DUP+OP_DIV+OP_DROP/divmod-preserve/129Bx121B/small-normalization-boundary/No error: 0.846 s
round 3 case 158/204 gsr-tapscript-v2/OP_OR/OP_2DUP+OP_OR+OP_DROP/binary-preserve/64KBx1B/asymmetric-long-short/No error: 0.054 s
round 3 case 159/204 gsr-tapscript-v2/OP_BYTEREV/OP_BYTEREV/byterev-in-place/4000000B/alternating/No error: 0.414 s
round 3 case 160/204 gsr-tapscript-v2/OP_MOD/OP_2DUP+OP_MOD+OP_DROP/divmod-preserve/1000000Bx1000000B/largest-normalized/No error: 0.563 s
round 3 case 161/204 gsr-tapscript-v2/OP_DIV/256xOP_2DUP+256x(OP_DIV+OP_DROP)/divmod-batched-pool/520Bx512B/256-pairs/wide-normalization-top-clear-seed17/No error: 0.742 s
round 3 case 162/204 gsr-tapscript-v2/OP_RSHIFT/OP_2DUP+OP_RSHIFT+OP_DROP/shift-scale-tail/2000000B:1bit/unaligned/No error: 0.461 s
round 3 case 163/204 pre-gsr-tapscript-v1/OP_MIN/OP_2DUP+OP_MIN+OP_DROP/binary-preserve/4Bx4B/padded-low/No error: 0.152 s
round 3 case 164/204 gsr-tapscript-v2/OP_MOD/OP_2DUP+OP_MOD+OP_DROP/divmod-preserve/520Bx512B/wide-normalization-top-one-seed127/No error: 0.715 s
round 3 case 165/204 gsr-tapscript-v2/OP_RSHIFT/OP_2DUP+OP_RSHIFT+OP_DROP/shift-preserve/330568B:8bits/byte-aligned/No error: 0.115 s
round 3 case 166/204 gsr-tapscript-v2/OP_MIN/OP_2DUP+OP_MIN+OP_DROP/binary-preserve/120Bx120B/equal-padded-low/No error: 0.985 s
round 3 case 167/204 gsr-tapscript-v2/OP_BYTEREV/OP_BYTEREV/byterev-in-place/16B/alternating/No error: 1.109 s
round 3 case 168/204 gsr-tapscript-v2/OP_MIN/OP_2DUP+OP_MIN+OP_DROP/binary-preserve/4Bx4B/padded-low/No error: 1.245 s
round 3 case 169/204 gsr-tapscript-v2/OP_INVERT/OP_3DUP+OP_INVERT+OP_DROP+OP_INVERT+OP_DROP+OP_INVERT+OP_DROP/unary-crossover-3way/1768B/padded-low/No error: 0.210 s
round 3 case 170/204 gsr-tapscript-v2/OP_MIN/OP_2DUP+OP_MIN+OP_DROP/binary-preserve/511Bx511B/equal-padded-low/No error: 0.825 s
round 3 case 171/204 gsr-tapscript-v2/OP_AND/OP_2DUP+OP_AND+OP_DROP/binary-preserve/64KBx1B/asymmetric-long-short/No error: 0.085 s
round 3 case 172/204 gsr-tapscript-v2/OP_MOD/6000xOP_2DUP+6000x(OP_MOD+OP_DROP)/divmod-batched-pool/520Bx512B/6000-pairs/wide-normalization-top-clear-seed17/No error: 0.857 s
round 3 case 173/204 gsr-tapscript-v2/OP_MOD/OP_2DUP+OP_MOD+OP_DROP/divmod-preserve/25Bx24B/small-normalization-boundary/No error: 0.894 s
round 3 case 174/204 gsr-tapscript-v2/OP_RSHIFT/OP_2DUP+OP_RSHIFT+OP_DROP/shift-preserve/1B:31999992bits/byte-aligned/No error: 1.183 s
round 3 case 175/204 gsr-tapscript-v2/OP_SUBSTR/OP_3DUP+OP_SUBSTR+OP_DROP/substr-preserve/3998900B:mid-past-end/padded-lengths/No error: 0.427 s
round 3 case 176/204 gsr-tapscript-v2/OP_DIV/OP_2DUP+OP_DIV+OP_DROP/divmod-preserve/17Bx9B/normalization-top-clear/No error: 0.949 s
round 3 case 177/204 gsr-tapscript-v2/OP_DIV/OP_2DUP+OP_DIV+OP_DROP/divmod-crossover/241Bx60B/asymmetric-quarter-top-clear/No error: 0.858 s
round 3 case 178/204 gsr-tapscript-v2/OP_XOR/OP_2DUP+OP_XOR+OP_DROP/binary-preserve/1Bx64KB/asymmetric-short-long/No error: 0.054 s
round 3 case 179/204 gsr-tapscript-v2/OP_MOD/OP_2DUP+OP_MOD+OP_DROP/divmod-crossover/240Bx60B/asymmetric-quarter-top-clear/No error: 0.916 s
round 3 case 180/204 gsr-tapscript-v2/OP_MOD/OP_2DUP+OP_MOD+OP_DROP/divmod-crossover/248Bx56B/asymmetric-1/4-add-back/No error: 0.680 s
round 3 case 181/204 gsr-tapscript-v2/OP_LEFT/OP_2DUP+OP_LEFT+OP_DROP/splice-preserve/3950000B:quarter/minimal-offset/No error: 0.469 s
round 3 case 182/204 gsr-tapscript-v2/OP_MOD/OP_2DUP+OP_MOD+OP_DROP/divmod-crossover/256Bx64B/asymmetric-1/4-add-back/No error: 0.696 s
round 3 case 183/204 gsr-tapscript-v2/OP_MOD/OP_2DUP+OP_MOD+OP_DROP/divmod-preserve/999999Bx999999B/largest-normalized/No error: 0.564 s
round 3 case 184/204 gsr-tapscript-v2/OP_DIV/OP_2DUP+OP_DIV+OP_DROP/divmod-preserve/16KBx4KB/dividend-half-zero-padded/No error: 0.774 s
round 3 case 185/204 gsr-tapscript-v2/OP_MOD/OP_2DUP+OP_MOD+OP_DROP/divmod-crossover/288Bx18B/asymmetric-sixteenth-top-limb-one/No error: 0.824 s
round 3 case 186/204 gsr-tapscript-v2/OP_RSHIFT/OP_2DUP+OP_RSHIFT+OP_DROP/shift-preserve/86656B:8bits/byte-aligned/No error: 0.125 s
round 3 case 187/204 gsr-tapscript-v2/OP_DIV/OP_2DUP+OP_DIV+OP_DROP/divmod-preserve/26Bx25B/small-normalization-boundary/No error: 1.122 s
round 3 case 188/204 gsr-tapscript-v2/OP_MOD/256xOP_2DUP+256x(OP_MOD+OP_DROP)/divmod-batched-pool/520Bx512B/256-pairs/wide-normalization-top-clear-seed17/No error: 0.742 s
round 3 case 189/204 gsr-tapscript-v2/OP_MAX/OP_2DUP+OP_MAX+OP_DROP/binary-preserve/1950000Bx1950000B/equal-padded-low-funded/No error: 0.579 s
round 3 case 190/204 gsr-tapscript-v2/OP_DIV/6000xOP_2DUP+6000x(OP_DIV+OP_DROP)/divmod-batched-pool/520Bx512B/6000-pairs/wide-normalization-top-clear-seed17/No error: 0.840 s
round 3 case 191/204 gsr-tapscript-v2/OP_DIV/OP_2DUP+OP_DIV+OP_DROP/divmod-preserve/64KBx16KB/dividend-half-zero-padded/No error: 0.775 s
round 3 case 192/204 gsr-tapscript-v2/OP_RSHIFT/OP_2DUP+OP_RSHIFT+OP_DROP/shift-preserve/17B:65bits/unaligned/No error: 1.127 s
round 3 case 193/204 gsr-tapscript-v2/OP_LEFT/OP_2DUP+OP_LEFT+OP_DROP/splice-preserve/3950000B:past-end/padded-offset/No error: 0.420 s
round 3 case 194/204 gsr-tapscript-v2/OP_RIGHT/OP_2DUP+OP_RIGHT+OP_DROP/splice-preserve/3950000B:mid/minimal-offset/No error: 0.422 s
round 3 case 195/204 gsr-tapscript-v2/OP_MOD/OP_2DUP+OP_MOD+OP_DROP/divmod-crossover/240Bx60B/asymmetric-quarter-dense/No error: 0.401 s
round 3 case 196/204 gsr-tapscript-v2/OP_RSHIFT/OP_2DUP+OP_RSHIFT+OP_DROP/shift-crossover/2209B:8bits/byte-aligned/No error: 0.211 s
round 3 case 197/204 gsr-tapscript-v2/OP_SUB/OP_2DUP+OP_SUB+OP_DROP/binary-preserve/4Bx4B/padded-low/No error: 1.126 s
round 3 case 198/204 gsr-tapscript-v2/OP_MOD/OP_2DUP+OP_MOD+OP_DROP/divmod-preserve/17Bx9B/normalization-top-clear/No error: 0.940 s
round 3 case 199/204 gsr-tapscript-v2/OP_BYTEREV/OP_BYTEREV/byterev-in-place/0B/alternating/No error: 1.167 s
round 3 case 200/204 gsr-tapscript-v2/OP_MIN/OP_2DUP+OP_MIN+OP_DROP/binary-preserve/1950000Bx1950000B/equal-dense-funded/No error: 0.444 s
round 3 case 201/204 gsr-tapscript-v2/OP_1SUB/OP_3DUP+OP_1SUB+OP_DROP+OP_1SUB+OP_DROP+OP_1SUB+OP_DROP/unary-preserve-3way/521B/padded-low/No error: 0.607 s
round 3 case 202/204 gsr-tapscript-v2/OP_MAX/OP_2DUP+OP_MAX+OP_DROP/binary-preserve/64KBx1B/asymmetric-long-short/No error: 0.070 s
round 3 case 203/204 gsr-tapscript-v2/OP_DIV/OP_2DUP+OP_DIV+OP_DROP/divmod-crossover/248Bx56B/asymmetric-1/4-add-back/No error: 0.660 s
round 3 case 204/204 gsr-tapscript-v2/OP_MOD/OP_2DUP+OP_MOD+OP_DROP/divmod-crossover/232Bx112B/asymmetric-1/2-add-back/No error: 0.772 s
Stable measurement: round 3/3 complete

== VAROPS BENCHMARK SUMMARY ==
  cases:                  204/204 completed x 3 stable rounds
  sample mode:            2% budget (800000000 varops), no rejection or one-shot fixed cases
  schnorr baseline:       80,000 checks: 2.151 s
  pre-v2 worst:           OP_SUB 4Bx4B: 0.152 s
  v2 measured worst (sample):OP_BYTEREV 15B: 0.030 s
  v2 projected worst:     OP_BYTEREV 15B: 1.483 s (0.69x schnorr, 9.74x pre-v2, 50.00x v2 measured)

  top 5 new-v2 cases (measured or projected):
  1. 1.483 s (projected, stable): gsr-tapscript-v2/OP_BYTEREV/OP_BYTEREV/byterev-in-place/15B/alternating/No error
  2. 1.358 s (projected, stable): gsr-tapscript-v2/OP_BYTEREV/OP_BYTEREV/byterev-in-place/8B/alternating/No error
  3. 1.354 s (projected, stable): gsr-tapscript-v2/OP_MOD/OP_2DUP+OP_MOD+OP_DROP/divmod-scale-tail/64KBx16KB/asymmetric-quarter-add-back/No error
  4. 1.353 s (projected, stable): gsr-tapscript-v2/OP_DIV/OP_2DUP+OP_DIV+OP_DROP/divmod-scale-tail/64KBx16KB/asymmetric-quarter-add-back/No error
  5. 1.292 s (projected, stable): gsr-tapscript-v2/OP_BYTEREV/OP_BYTEREV/byterev-in-place/7B/alternating/No error
