start 2026-10-06T14:38:35Z reference 2.255769542 load: 1.40 1.57 2.63
CONNECT_BLOCK shape=c4 coins=memory inputs=19974 signatures=58823 total_s=1.7942 ratio=0.7954 min_ratio=0.7947 max_ratio=0.7984
CONNECT_BLOCK shape=c4 coins=leveldb inputs=19974 signatures=58823 total_s=1.8135 ratio=0.8039 min_ratio=0.7985 max_ratio=0.8111
CONNECT_BLOCK shape=c2-op1 coins=memory inputs=19874 signatures=58852 total_s=1.7808 ratio=0.7894 min_ratio=0.7892 max_ratio=0.7910
CONNECT_BLOCK shape=c2-op1 coins=leveldb inputs=19874 signatures=58852 total_s=1.7988 ratio=0.7974 min_ratio=0.7922 max_ratio=0.7982
CONNECT_BLOCK shape=v2 coins=memory inputs=24210 signatures=78415 total_s=2.1376 ratio=0.9476 min_ratio=0.9464 max_ratio=0.9524
CONNECT_BLOCK shape=v2 coins=leveldb inputs=24210 signatures=78415 total_s=2.1443 ratio=0.9506 min_ratio=0.9499 max_ratio=0.9532
CONNECT_BLOCK shape=p2a coins=memory inputs=24210 signatures=78415 total_s=2.1384 ratio=0.9480 min_ratio=0.9471 max_ratio=0.9498
CONNECT_BLOCK shape=p2a coins=leveldb inputs=24210 signatures=78415 total_s=2.1603 ratio=0.9577 min_ratio=0.9524 max_ratio=0.9584
CONNECT_BLOCK shape=c2-success-stack coins=memory inputs=2 signatures=78417 total_s=2.1756 ratio=0.9645 min_ratio=0.9642 max_ratio=0.9655
CONNECT_BLOCK shape=c2-success-stack coins=leveldb inputs=2 signatures=78417 total_s=2.1749 ratio=0.9642 min_ratio=0.9635 max_ratio=0.9647
CONNECT_BLOCK shape=v2-stack coins=memory inputs=2 signatures=78418 total_s=2.1895 ratio=0.9706 min_ratio=0.9699 max_ratio=0.9749
CONNECT_BLOCK shape=v2-stack coins=leveldb inputs=2 signatures=78418 total_s=2.1896 ratio=0.9707 min_ratio=0.9704 max_ratio=0.9714
CONNECT_BLOCK shape=c2-success-macros coins=memory inputs=2 signatures=78417 total_s=2.1685 ratio=0.9613 min_ratio=0.9605 max_ratio=0.9613
CONNECT_BLOCK shape=c2-success-macros coins=leveldb inputs=2 signatures=78417 total_s=2.1682 ratio=0.9612 min_ratio=0.9601 max_ratio=0.9631
CONTENTION layout=shared transactions=1 spenders=14 workers=0 total_s=0.6360 ratio=0.2819 min_ratio=0.2812 max_ratio=0.2824
CONTENTION layout=shared transactions=1 spenders=14 workers=1 total_s=0.5188 ratio=0.2300 min_ratio=0.1920 max_ratio=0.2749
CONTENTION layout=shared transactions=1 spenders=14 workers=3 total_s=4.3307 ratio=1.9198 min_ratio=1.3655 max_ratio=1.9216
CONTENTION layout=shared transactions=1 spenders=14 workers=7 total_s=10.3115 ratio=4.5712 min_ratio=4.5621 max_ratio=4.6040
CONTENTION layout=split transactions=14 spenders=14 workers=0 total_s=0.6346 ratio=0.2813 min_ratio=0.2813 max_ratio=0.2822
CONTENTION layout=split transactions=14 spenders=14 workers=1 total_s=0.3272 ratio=0.1451 min_ratio=0.1450 max_ratio=0.1460
CONTENTION layout=split transactions=14 spenders=14 workers=3 total_s=0.3373 ratio=0.1495 min_ratio=0.1066 max_ratio=0.1898
CONTENTION layout=split transactions=14 spenders=14 workers=7 total_s=0.3772 ratio=0.1672 min_ratio=0.1357 max_ratio=0.2017
end 2026-10-06T14:42:41Z
EXIT=0
