Primitive  Envelope (varops, unrounded)                   Rounded candidate                      Maximum coefficients (unrounded)
F          303.552                                          310                                    303.552
PREP       178.437 + 0.000858342 × W(n)                     180 + 1 × W(n)/8                       178.437 + 0.000858342 × W(n)
PRODUCE    730.866 + 7.10633 × n                            740 + 8 × W(n)                         730.866 + 7.10633 × n
NORMALIZE  193.324                                          200                                    193.324
READ       78.574 + 0.982411 × W(n)                         79 + 1 × W(n)                          78.574 + 0.982411 × W(n)
ARITH      118.543 + 2.70691 × W(n)                         120 + 3 × W(n)                         118.543 + 2.70691 × W(n)
BIT        89.9518 + 1.8243 × W(n)                          90 + 2 × W(n)                          89.9518 + 1.8243 × W(n)
MOVE       173.998 + 18.6546 × k                            180 + 19 × k                           173.998 + 18.6546 × k
DIVCORE    0 + 494.399 × s + 32.5523 × s × v                0 + 500 × s + 33 × s × v               179.551 + 495.711 × s + 32.5523 × s × v
H256       255.895 + 37.2495 × H(n)                         260 + 38 × H(n)                        446.863 + 37.2495 × H(n)
H160       52.4085 + 39.3784 × H(n)                         53 + 40 × H(n)                         332.606 + 39.3784 × H(n)
H1         184.019 + 23.8389 × H(n)                         190 + 24 × H(n)                        278.103 + 23.8389 × H(n)
SIG        575045                                           500000                                 575045
TWEAK      168387                                           170000                                 168387
SELECT     2242.67 + 262.315 × k                            2300 + 270 × k                         2242.67 + 262.315 × k
MULCORE    327.834 + 9.38286 × u + 106.782 × v + 28.2917 × u × v 330 + 10 × u + 110 × v + 29 × u × v    327.834 + 9.38286 × u + 115.152 × v + 28.2917 × u × v

Quality gate of the machine fits (RMS factor <= 1.1, >= 95% within 1.25x, per machine, path and size decade): 1420 of 2412 bins fail, 26 with a fixture more than 1.25x above its fit
Charge coverage, candidate schedule: 452 fixtures above the charge at the 0.9 target, 90 above the 1.0 limit
  PRODUCE      74 fixtures; worst 2.32x at the target, 2.09x at the limit: PRODUCE/grow/135410 on Apple M4 Pro
  READ        131 fixtures; worst 1.49x at the target, 1.34x at the limit: READ/trim/511 on Intel(R) Core(TM) i7-7700 CPU @ 3.60GHz
  BIT          68 fixtures; worst 1.23x at the target, 1.11x at the limit: BIT/invert/22 on Apple M1 Pro
  NORMALIZE    28 fixtures; worst 1.23x at the target, 1.10x at the limit: NORMALIZE/aligned/3078660 on varop-calibration-ryzen99500x-3epoch
  DIVCORE     107 fixtures; worst 1.16x at the target, 1.05x at the limit: DIVCORE/64/64/127/MOD/top-one on 12th Gen Intel(R) Core(TM) i5-12500
  SIG          19 fixtures; worst 1.12x at the target, 1.01x at the limit: SIG/32 on varop-calibration-ryzen99500x-3epoch
  ARITH        19 fixtures; worst 1.09x at the target, 0.98x at the limit: ARITH/add/513/equal/carry-chain on Apple M1 Pro
  SELECT        5 fixtures; worst 1.03x at the target, 0.93x at the limit: SELECT/outputs/collated/128/256 on 12th Gen Intel(R) Core(TM) i5-12500
  H1            1 fixtures; worst 1.01x at the target, 0.91x at the limit: H1/62 on 12th Gen Intel(R) Core(TM) i5-12500
Conditions: Apple M4 Pro: not recorded (reference measured once, load not sampled)
Conditions: Apple M1 Pro: not recorded (reference measured once, load not sampled)
Conditions: 12th Gen Intel(R) Core(TM) i5-12500: not recorded (reference measured once, load not sampled)
Conditions: varop-calibration-ryzen99500x-3epoch: not recorded (reference measured once, load not sampled)
Conditions: Intel(R) Core(TM) i7-7700 CPU @ 3.60GHz: not recorded (reference measured once, load not sampled)
Conditions: AMD Ryzen 5 3600 6-Core Processor: not recorded (reference measured once, load not sampled)
Saved e3-20260930-ea7a71e20e/joint-calibration.json
