Primitive  Envelope (varops, unrounded)                   Rounded candidate                      Maximum coefficients (unrounded)
F          303.629                                          350                                    303.629
PREP       162.985 + 0.0010472 × W(n)                       200 + W(n)                             162.985 + 0.0010472 × W(n)
PRODUCE    728.233 + 7.12851 × n                            750 + 8 × W(n)                         728.233 + 7.12851 × n
NORMALIZE  193.799                                          200                                    193.799
READ       80.5772 + 0.954331 × W(n)                        90 + W(n)                              80.5772 + 0.954331 × W(n)
ARITH      126.151 + 2.68746 × W(n)                         150 + 3 × W(n)                         126.151 + 2.68746 × W(n)
BIT        142.219 + 1.80052 × W(n)                         150 + 2 × W(n)                         142.219 + 1.80052 × W(n)
MOVE       100.721 + 21.2705 × k                            150 + 22 × k                           100.721 + 21.2705 × k
DIVCORE    494.9 × s + 32.5737 × s × v                      500 × s + 33 × s × v                   157.865 + 496.007 × s + 32.5737 × s × v
H256       263.623 + 37.2507 × H(n)                         300 + 38 × H(n)                        448.123 + 37.2507 × H(n)
H160       53.6553 + 39.3301 × H(n)                         60 + 40 × H(n)                         346.202 + 39.3301 × H(n)
H1         191.99 + 23.6948 × H(n)                          200 + 24 × H(n)                        300.209 + 23.7053 × H(n)
SIG        575530                                           500000                                 575530
TWEAK      168100                                           170000                                 168100
SELECT     1712.09 + 261.577 × k                            1800 + 270 × k                         1712.09 + 261.577 × k
MULCORE    364.767 + 5.27539 × u + 118.191 × v + 28.1837 × u × v 400 + 6 × u + 120 × v + 29 × u × v     364.767 + 5.27539 × u + 121.635 × v + 28.1837 × u × v

Quality gate of the machine fits (RMS factor <= 1.1, >= 95% within 1.25x, per machine, path and size decade): 1212 of 2010 bins fail, 22 with a fixture more than 1.25x above its fit
Charge coverage, candidate schedule: 411 of 40895 fixtures above the charge
  PRODUCE      56 fixtures; worst 2.38x the charge: PRODUCE/grow/86666 on Apple M1 Pro
  READ         88 fixtures; worst 1.35x the charge: READ/trim/511 on Intel(R) Core(TM) i7-7700 CPU @ 3.60GHz
  BIT          80 fixtures; worst 1.27x the charge: BIT/byterev/15 on varop-calibration-ryzen99500x-full
  NORMALIZE    33 fixtures; worst 1.25x the charge: NORMALIZE/aligned/1048575 on varop-calibration-ryzen99500x-full
  DIVCORE     117 fixtures; worst 1.15x the charge: DIVCORE/64/64/17/MOD/top-clear on 12th Gen Intel(R) Core(TM) i5-12500
  ARITH        13 fixtures; worst 1.14x the charge: ARITH/add/596/equal/carry-chain on Apple M1 Pro
  SIG          19 fixtures; worst 1.12x the charge: SIG/32 on varop-calibration-ryzen99500x-full
  SELECT        5 fixtures; worst 1.03x the charge: SELECT/outputs/collated/128/256 on 12th Gen Intel(R) Core(TM) i5-12500
Conditions: Apple M1 Pro: epoch noise 0.25%
Conditions: 12th Gen Intel(R) Core(TM) i5-12500: epoch noise 0.32%
Conditions: varop-calibration-ryzen99500x-full: epoch noise 0.45%
Conditions: Intel(R) Core(TM) i7-7700 CPU @ 3.60GHz: epoch noise 0.30%
Conditions: AMD Ryzen 5 3600 6-Core Processor: epoch noise 0.30%
Saved e7-20261001-e60ac7e070/joint-calibration.json
