Primitive  Envelope (varops, unrounded)                   Rounded candidate                      Maximum coefficients (unrounded)
F          305.528                                          350                                    305.528
PREP       177.439 + 0.000857024 × W(n)                     200 + W(n)                             177.439 + 0.000857024 × W(n)
PRODUCE    760.26 + 7.14225 × n                             800 + 8 × W(n)                         760.26 + 7.14225 × n
NORMALIZE  189.093                                          200                                    189.093
READ       81.7392 + 1.02339 × W(n)                         90 + 2 × W(n)                          81.7392 + 1.02339 × W(n)
ARITH      124.082 + 2.68554 × W(n)                         150 + 3 × W(n)                         124.082 + 2.68554 × W(n)
BIT        183.087 + 1.80421 × W(n)                         200 + 2 × W(n)                         183.087 + 1.80421 × W(n)
MOVE       178.705 + 36.0097 × k                            200 + 37 × k                           178.705 + 36.0097 × k
DIVCORE    500.023 × s + 32.5576 × s × v                    510 × s + 33 × s × v                   212.076 + 500.831 × s + 32.5576 × s × v
H256       256.703 + 37.2698 × H(n)                         300 + 38 × H(n)                        445.978 + 37.2698 × H(n)
H160       50.7168 + 39.3379 × H(n)                         60 + 40 × H(n)                         238.838 + 39.4259 × H(n)
H1         184.146 + 23.6595 × H(n)                         200 + 24 × H(n)                        285.079 + 23.9433 × H(n)
SIG        565437                                           500000                                 565437
TWEAK      168023                                           170000                                 168023
SELECT     2381.66 + 260.3 × k                              2400 + 270 × k                         2381.66 + 260.3 × k
MULCORE    360.945 + 5.22967 × u + 118.164 × v + 28.2034 × u × v 400 + 6 × u + 120 × v + 29 × u × v     360.945 + 5.22967 × u + 121.724 × v + 28.2034 × u × v

Quality gate of the machine fits (RMS factor <= 1.1, >= 95% within 1.25x, per machine, path and size decade): 1462 of 2412 bins fail, 29 with a fixture more than 1.25x above its fit
Charge coverage, candidate schedule: 243 of 49074 fixtures above the charge
  NORMALIZE    10 fixtures; worst 1.89x the charge: NORMALIZE/aligned/3078660 on varop-calibration-ryzen99500x-full
  PRODUCE      70 fixtures; worst 1.87x the charge: PRODUCE/grow/86674 on Apple M4 Pro
  BIT          23 fixtures; worst 1.21x the charge: BIT/byterev/15 on Apple M4 Pro
  DIVCORE     106 fixtures; worst 1.15x the charge: DIVCORE/64/64/127/MOD/top-one on 12th Gen Intel(R) Core(TM) i5-12500
  SIG          19 fixtures; worst 1.10x the charge: SIG/32 on varop-calibration-ryzen99500x-full
  ARITH         9 fixtures; worst 1.09x the charge: ARITH/add/513/equal/carry-chain on Apple M1 Pro
  SELECT        5 fixtures; worst 1.03x the charge: SELECT/outputs/collated/100000/200000 on 12th Gen Intel(R) Core(TM) i5-12500
  MOVE          1 fixtures; worst 1.01x the charge: MOVE/32767/nonempty on 12th Gen Intel(R) Core(TM) i5-12500
Conditions: Apple M1 Pro: epoch noise 0.26%
Conditions: 12th Gen Intel(R) Core(TM) i5-12500: epoch noise 0.30%
Conditions: varop-calibration-ryzen99500x-full: epoch noise 0.39%
Conditions: Intel(R) Core(TM) i7-7700 CPU @ 3.60GHz: epoch noise 0.36%
Conditions: AMD Ryzen 5 3600 6-Core Processor: epoch noise 0.30%
Conditions: Apple M4 Pro: epoch noise 0.98%
Saved data/2026-10-01-full-runs-one-deduction/joint-calibration.json
