Primitive  Envelope (varops, unrounded)                   Rounded candidate                      Maximum coefficients (unrounded)
F          274.026                                          280                                    274.026
PREP       158.399 + 0.000860849 × W(n)                     160 + 1 × W(n)/8                       158.399 + 0.000860849 × W(n)
PRODUCE    674.628 + 6.39836 × n                            680 + 7 × W(n)                         674.628 + 6.39836 × n
NORMALIZE  164.329                                          170                                    164.329
READ       68.1236 + 0.971159 × W(n)                        69 + 1 × W(n)                          68.1236 + 0.971159 × W(n)
ARITH      108.207 + 2.41797 × W(n)                         110 + 3 × W(n)                         108.207 + 2.41797 × W(n)
BIT        164.857 + 1.61366 × W(n)                         170 + 2 × W(n)                         164.857 + 1.61366 × W(n)
MOVE       161.017 + 16.7726 × k                            170 + 17 × k                           161.017 + 16.7726 × k
DIVCORE    0 + 444.242 × s + 29.3465 × s × v                0 + 450 × s + 30 × s × v               137.012 + 445.207 × s + 29.3465 × s × v
H256       242.889 + 33.5116 × H(n)                         250 + 34 × H(n)                        401.37 + 33.5116 × H(n)
H160       101.134 + 35.9226 × H(n)                         110 + 36 × H(n)                        309.987 + 35.9226 × H(n)
H1         154.047 + 21.6088 × H(n)                         160 + 22 × H(n)                        263.939 + 21.7895 × H(n)
SIG        512803                                           500000                                 512803
TWEAK      151282                                           160000                                 151282
SELECT     2152.25 + 235.03 × k                             2200 + 240 × k                         2152.25 + 235.03 × k
MULCORE    356.622 + 4.26429 × u + 101.249 × v + 25.406 × u × v 360 + 5 × u + 110 × v + 26 × u × v     356.622 + 4.26429 × u + 104.674 × v + 25.406 × u × v

Quality gate of the machine fits (RMS factor <= 1.1, >= 95% within 1.25x, per machine, path and size decade): 1492 of 2412 bins fail, 30 with a fixture more than 1.25x above its fit
Charge coverage, candidate schedule: 326 of 49074 fixtures above the charge
  PRODUCE      89 fixtures; worst 1.67x the charge: PRODUCE/fresh-pages/16385 on AMD Ryzen 5 3600 6-Core Processor
  NORMALIZE    38 fixtures; worst 1.36x the charge: NORMALIZE/aligned/1048575 on varop-calibration-ryzen99500x-3epoch
  READ         62 fixtures; worst 1.30x the charge: READ/trim/511 on Intel(R) Core(TM) i7-7700 CPU @ 3.60GHz
  BIT          28 fixtures; worst 1.27x the charge: BIT/byterev/14 on Apple M4 Pro
  DIVCORE      99 fixtures; worst 1.14x the charge: DIVCORE/64/64/17/MOD/top-one on 12th Gen Intel(R) Core(TM) i5-12500
  SELECT        5 fixtures; worst 1.04x the charge: SELECT/outputs/collated/16384/32768 on 12th Gen Intel(R) Core(TM) i5-12500
  PREP          1 fixtures; worst 1.01x the charge: PREP/18/spare on Apple M4 Pro
  H160          3 fixtures; worst 1.01x the charge: H160/513 on Apple M4 Pro
  SIG           1 fixtures; worst 1.00x the charge: SIG/32 on varop-calibration-ryzen99500x-3epoch
Conditions: Apple M4 Pro: epoch noise 0.77%
Conditions: Apple M1 Pro: epoch noise 0.29%
Conditions: 12th Gen Intel(R) Core(TM) i5-12500: epoch noise 0.20%
Conditions: varop-calibration-ryzen99500x-3epoch: epoch noise 0.26%
Conditions: Intel(R) Core(TM) i7-7700 CPU @ 3.60GHz: epoch noise 0.15%
Conditions: AMD Ryzen 5 3600 6-Core Processor: epoch noise 0.13%
Saved e3-20260930-13e9a89dc7/joint-calibration.json
