Primitive  Envelope (varops, unrounded)                   Rounded candidate                      Maximum coefficients (unrounded)
F          280.279                                          300                                    280.279
READ       310.196 + 1.02949 × W(n)                         350 + 2 × W(n)                         310.196 + 1.02949 × W(n)
WRITE      741.623 + 6.76052 × n                            750 + 7 × W(n)                         741.623 + 6.76052 × n
ARITH      171.955 + 2.65312 × W(n)                         200 + 3 × W(n)                         171.955 + 2.65312 × W(n)
MOVE       167.039 + 22.8221 × k                            200 + 25 × k                           167.039 + 22.8221 × k
MULCORE    602.465 + 0.576754 × W(n) + 17.7351 × W(m) + 0.684264 × W(n) × W(m) 650 + 1 × W(n) + 20 × W(m) + 1 × W(n) × W(m) 602.465 + 0.576754 × W(n) + 18.0366 × W(m) + 0.684264 × W(n) × W(m)
DIVCORE    1147.94 + 60.043 × Q(n, m) + 9.9678 × W(m) + 0.851184 × Q(n, m) × W(m) 1200 + 65 × Q(n, m) + 10 × W(m) + 1 × Q(n, m) × W(m) 1147.94 + 61.8981 × Q(n, m) + 9.9678 × W(m) + 0.851184 × Q(n, m) × W(m)
HASH       41.4478 + 39.9633 × H(n)                         250 + 40 × H(n)                        451.911 + 40.0124 × H(n)
SIG        571366                                           500000                                 571366
TWEAK      439374                                           500000                                 439374
SELECT     1315.57 + 614.333 × k                            1400 + 650 × k                         1315.57 + 614.333 × k
Measured in parts:
  H256     211.048 + 37.3133 × H(n)                         250 + 40 × H(n)
  H160     13.1717 + 40.0124 × H(n)                         20 + 45 × H(n)
  H1       172.156 + 23.8282 × H(n)                         200 + 25 × H(n)

Quality gate of the machine fits (RMS factor <= 1.1, >= 95% within 1.25x, per machine, path and size decade): 1482 of 2422 bins fail, 36 with a fixture more than 1.25x above its fit
Charge coverage, candidate schedule: 242 of 57281 fixtures above the charge
  WRITE       187 fixtures; worst 1.87x the charge: WRITE/fresh-pages/16385 on AMD Ryzen 5 3600 6-Core Processor
  ARITH        27 fixtures; worst 1.15x the charge: ARITH/byterev/15 on Apple M4 Pro
  SIG          24 fixtures; worst 1.11x the charge: SIG/32 on varop-calibration-ryzen99500x-full
  DIVCORE       4 fixtures; worst 1.02x the charge: DIVCORE/64/64/17/MOD/top-clear on 12th Gen Intel(R) Core(TM) i5-12500
Held-out lifetimes against each machine's fit: 3 of 3430 above the composed fit; worst 1.74x: PRODUCER_CHECK/numeric/tight/86658 on Apple M1 Pro
Conditions: Apple M1 Pro: epoch noise 0.21%
Conditions: 12th Gen Intel(R) Core(TM) i5-12500: epoch noise 1.30%
Conditions: varop-calibration-ryzen99500x-full: epoch noise 0.40%
Conditions: Intel(R) Core(TM) i7-7700 CPU @ 3.60GHz: epoch noise 0.27%
Conditions: AMD Ryzen 5 3600 6-Core Processor: epoch noise 0.57%
Conditions: Apple M4 Pro: epoch noise 1.20%
Conditions: AMD Ryzen 7 7700 8-Core Processor: epoch noise 0.47%
Saved joint-calibration.json
