start 2026-10-06T14:51:00Z reference 3.483718692 load: 0.48, 0.79, 0.85
CONNECT_BLOCK shape=c4 coins=memory inputs=19974 signatures=58823 total_s=2.5214 ratio=0.7238 min_ratio=0.7222 max_ratio=0.7267
CONNECT_BLOCK shape=c4 coins=leveldb inputs=19974 signatures=58823 total_s=2.5470 ratio=0.7311 min_ratio=0.7275 max_ratio=0.7315
CONNECT_BLOCK shape=c2-op1 coins=memory inputs=19874 signatures=58852 total_s=2.5029 ratio=0.7185 min_ratio=0.7172 max_ratio=0.7207
CONNECT_BLOCK shape=c2-op1 coins=leveldb inputs=19874 signatures=58852 total_s=2.5275 ratio=0.7255 min_ratio=0.7224 max_ratio=0.7281
CONNECT_BLOCK shape=v2 coins=memory inputs=24210 signatures=78415 total_s=3.0229 ratio=0.8677 min_ratio=0.8675 max_ratio=0.8695
CONNECT_BLOCK shape=v2 coins=leveldb inputs=24210 signatures=78415 total_s=3.0396 ratio=0.8725 min_ratio=0.8718 max_ratio=0.8730
CONNECT_BLOCK shape=p2a coins=memory inputs=24210 signatures=78415 total_s=3.0321 ratio=0.8704 min_ratio=0.8683 max_ratio=0.8725
CONNECT_BLOCK shape=p2a coins=leveldb inputs=24210 signatures=78415 total_s=3.0595 ratio=0.8782 min_ratio=0.8760 max_ratio=0.8802
CONNECT_BLOCK shape=c2-success-stack coins=memory inputs=2 signatures=78417 total_s=3.0737 ratio=0.8823 min_ratio=0.8821 max_ratio=0.8824
CONNECT_BLOCK shape=c2-success-stack coins=leveldb inputs=2 signatures=78417 total_s=3.0727 ratio=0.8820 min_ratio=0.8816 max_ratio=0.8839
CONNECT_BLOCK shape=v2-stack coins=memory inputs=2 signatures=78418 total_s=3.0977 ratio=0.8892 min_ratio=0.8887 max_ratio=0.8894
CONNECT_BLOCK shape=v2-stack coins=leveldb inputs=2 signatures=78418 total_s=3.0977 ratio=0.8892 min_ratio=0.8892 max_ratio=0.8894
CONNECT_BLOCK shape=c2-success-macros coins=memory inputs=2 signatures=78417 total_s=3.0637 ratio=0.8794 min_ratio=0.8773 max_ratio=0.8811
CONNECT_BLOCK shape=c2-success-macros coins=leveldb inputs=2 signatures=78417 total_s=3.0632 ratio=0.8793 min_ratio=0.8790 max_ratio=0.8794
CONTENTION layout=shared transactions=1 spenders=14 workers=0 total_s=1.2906 ratio=0.3705 min_ratio=0.3703 max_ratio=0.3707
CONTENTION layout=shared transactions=1 spenders=14 workers=1 total_s=3.1586 ratio=0.9067 min_ratio=0.5612 max_ratio=0.9921
CONTENTION layout=shared transactions=1 spenders=14 workers=3 total_s=4.2364 ratio=1.2160 min_ratio=1.0434 max_ratio=1.2161
CONTENTION layout=shared transactions=1 spenders=14 workers=7 total_s=6.3559 ratio=1.8245 min_ratio=1.3782 max_ratio=1.8309
CONTENTION layout=split transactions=14 spenders=14 workers=0 total_s=1.2992 ratio=0.3729 min_ratio=0.3725 max_ratio=0.3736
CONTENTION layout=split transactions=14 spenders=14 workers=1 total_s=0.6448 ratio=0.1851 min_ratio=0.1849 max_ratio=0.1852
CONTENTION layout=split transactions=14 spenders=14 workers=3 total_s=0.3683 ratio=0.1057 min_ratio=0.1057 max_ratio=0.1058
CONTENTION layout=split transactions=14 spenders=14 workers=7 total_s=0.3387 ratio=0.0972 min_ratio=0.0963 max_ratio=0.0983
end 2026-10-06T14:56:28Z
EXIT=0
